Component: ARM Compiler 5.06 update 6 (build 750) Tool: armlink [4d35ed]

==============================================================================

Section Cross References

    startup_stm32f103xb.o(RESET) refers to startup_stm32f103xb.o(STACK) for __initial_sp
    startup_stm32f103xb.o(RESET) refers to startup_stm32f103xb.o(.text) for Reset_Handler
    startup_stm32f103xb.o(RESET) refers to stm32f1xx_it.o(i.NMI_Handler) for NMI_Handler
    startup_stm32f103xb.o(RESET) refers to context_rvds.o(.text) for HardFault_Handler
    startup_stm32f103xb.o(RESET) refers to stm32f1xx_it.o(i.MemManage_Handler) for MemManage_Handler
    startup_stm32f103xb.o(RESET) refers to stm32f1xx_it.o(i.BusFault_Handler) for BusFault_Handler
    startup_stm32f103xb.o(RESET) refers to stm32f1xx_it.o(i.UsageFault_Handler) for UsageFault_Handler
    startup_stm32f103xb.o(RESET) refers to stm32f1xx_it.o(i.DebugMon_Handler) for DebugMon_Handler
    startup_stm32f103xb.o(RESET) refers to board_1.o(i.SysTick_Handler) for SysTick_Handler
    startup_stm32f103xb.o(RESET) refers to stm32f1xx_it.o(i.USB_LP_CAN1_RX0_IRQHandler) for USB_LP_CAN1_RX0_IRQHandler
    startup_stm32f103xb.o(RESET) refers to stm32f1xx_it.o(i.CAN1_RX1_IRQHandler) for CAN1_RX1_IRQHandler
    startup_stm32f103xb.o(RESET) refers to stm32f1xx_it.o(i.USART2_IRQHandler) for USART2_IRQHandler
    startup_stm32f103xb.o(RESET) refers to stm32f1xx_it.o(i.EXTI15_10_IRQHandler) for EXTI15_10_IRQHandler
    startup_stm32f103xb.o(.text) refers to system_stm32f1xx.o(i.SystemInit) for SystemInit
    startup_stm32f103xb.o(.text) refers to entry.o(.ARM.Collect$$$$00000000) for __main
    main.o(i.SystemClock_Config) refers to memseta.o(.text) for __aeabi_memclr4
    main.o(i.SystemClock_Config) refers to stm32f1xx_hal_rcc.o(i.HAL_RCC_OscConfig) for HAL_RCC_OscConfig
    main.o(i.SystemClock_Config) refers to main.o(i.Error_Handler) for Error_Handler
    main.o(i.SystemClock_Config) refers to stm32f1xx_hal_rcc.o(i.HAL_RCC_ClockConfig) for HAL_RCC_ClockConfig
    main.o(i.main) refers to stm32f1xx_hal.o(i.HAL_Init) for HAL_Init
    main.o(i.main) refers to main.o(i.SystemClock_Config) for SystemClock_Config
    main.o(i.main) refers to gpio.o(i.MX_GPIO_Init) for MX_GPIO_Init
    main.o(i.main) refers to usart.o(i.MX_USART1_UART_Init) for MX_USART1_UART_Init
    main.o(i.main) refers to usart.o(i.MX_USART2_UART_Init) for MX_USART2_UART_Init
    main.o(i.main) refers to can.o(i.MX_CAN_Init) for MX_CAN_Init
    main.o(i.main) refers to bms_app.o(i.BMS_SysInitialize) for BMS_SysInitialize
    main.o(i.main) refers to stm32f1xx_hal_gpio.o(i.HAL_GPIO_TogglePin) for HAL_GPIO_TogglePin
    main.o(i.main) refers to thread.o(i.rt_thread_mdelay) for rt_thread_mdelay
    gpio.o(i.MX_GPIO_Init) refers to stm32f1xx_hal_gpio.o(i.HAL_GPIO_WritePin) for HAL_GPIO_WritePin
    gpio.o(i.MX_GPIO_Init) refers to stm32f1xx_hal_gpio.o(i.HAL_GPIO_Init) for HAL_GPIO_Init
    gpio.o(i.MX_GPIO_Init) refers to stm32f1xx_hal_cortex.o(i.HAL_NVIC_SetPriority) for HAL_NVIC_SetPriority
    gpio.o(i.MX_GPIO_Init) refers to stm32f1xx_hal_cortex.o(i.HAL_NVIC_EnableIRQ) for HAL_NVIC_EnableIRQ
    can.o(i.HAL_CAN_MspDeInit) refers to stm32f1xx_hal_gpio.o(i.HAL_GPIO_DeInit) for HAL_GPIO_DeInit
    can.o(i.HAL_CAN_MspDeInit) refers to stm32f1xx_hal_cortex.o(i.HAL_NVIC_DisableIRQ) for HAL_NVIC_DisableIRQ
    can.o(i.HAL_CAN_MspInit) refers to stm32f1xx_hal_gpio.o(i.HAL_GPIO_Init) for HAL_GPIO_Init
    can.o(i.HAL_CAN_MspInit) refers to stm32f1xx_hal_cortex.o(i.HAL_NVIC_SetPriority) for HAL_NVIC_SetPriority
    can.o(i.HAL_CAN_MspInit) refers to stm32f1xx_hal_cortex.o(i.HAL_NVIC_EnableIRQ) for HAL_NVIC_EnableIRQ
    can.o(i.MX_CAN_Init) refers to stm32f1xx_hal_can.o(i.HAL_CAN_Init) for HAL_CAN_Init
    can.o(i.MX_CAN_Init) refers to main.o(i.Error_Handler) for Error_Handler
    can.o(i.MX_CAN_Init) refers to can.o(.bss) for hcan
    usart.o(i.HAL_UART_MspDeInit) refers to stm32f1xx_hal_gpio.o(i.HAL_GPIO_DeInit) for HAL_GPIO_DeInit
    usart.o(i.HAL_UART_MspDeInit) refers to stm32f1xx_hal_cortex.o(i.HAL_NVIC_DisableIRQ) for HAL_NVIC_DisableIRQ
    usart.o(i.HAL_UART_MspInit) refers to stm32f1xx_hal_gpio.o(i.HAL_GPIO_Init) for HAL_GPIO_Init
    usart.o(i.HAL_UART_MspInit) refers to stm32f1xx_hal_cortex.o(i.HAL_NVIC_SetPriority) for HAL_NVIC_SetPriority
    usart.o(i.HAL_UART_MspInit) refers to stm32f1xx_hal_cortex.o(i.HAL_NVIC_EnableIRQ) for HAL_NVIC_EnableIRQ
    usart.o(i.MX_USART1_UART_Init) refers to stm32f1xx_hal_uart.o(i.HAL_UART_Init) for HAL_UART_Init
    usart.o(i.MX_USART1_UART_Init) refers to main.o(i.Error_Handler) for Error_Handler
    usart.o(i.MX_USART1_UART_Init) refers to usart.o(.bss) for huart1
    usart.o(i.MX_USART2_UART_Init) refers to stm32f1xx_hal_uart.o(i.HAL_UART_Init) for HAL_UART_Init
    usart.o(i.MX_USART2_UART_Init) refers to main.o(i.Error_Handler) for Error_Handler
    usart.o(i.MX_USART2_UART_Init) refers to usart.o(.bss) for huart2
[...]
    __aeabi_cdcmple                          0x08000855   Thumb Code    48  cdcmple.o(.text)
    __aeabi_cdrcmple                         0x08000885   Thumb Code    48  cdrcmple.o(.text)
    __aeabi_d2f                              0x080008b5   Thumb Code    56  d2f.o(.text)
    __aeabi_cfcmpeq                          0x080008ed   Thumb Code     0  cfcmple.o(.text)
    __aeabi_cfcmple                          0x080008ed   Thumb Code    20  cfcmple.o(.text)
    __aeabi_cfrcmple                         0x08000901   Thumb Code    20  cfrcmple.o(.text)
    __aeabi_uidiv                            0x08000915   Thumb Code     0  uidiv.o(.text)
    __aeabi_uidivmod                         0x08000915   Thumb Code    44  uidiv.o(.text)
    __aeabi_uldivmod                         0x08000941   Thumb Code    98  uldiv.o(.text)
    __aeabi_llsl                             0x080009a3   Thumb Code    30  llshl.o(.text)
    _ll_shift_l                              0x080009a3   Thumb Code     0  llshl.o(.text)
    __aeabi_lasr                             0x080009c1   Thumb Code    36  llsshr.o(.text)
    _ll_sshift_r                             0x080009c1   Thumb Code     0  llsshr.o(.text)
    __I$use$fp                               0x080009e5   Thumb Code     0  iusefp.o(.text)
    _float_round                             0x080009e5   Thumb Code    18  fepilogue.o(.text)
    _float_epilogue                          0x080009f7   Thumb Code    92  fepilogue.o(.text)
    _double_round                            0x08000a53   Thumb Code    30  depilogue.o(.text)
    _double_epilogue                         0x08000a71   Thumb Code   156  depilogue.o(.text)
    __aeabi_d2ulz                            0x08000b0d   Thumb Code    48  dfixul.o(.text)
    __scatterload                            0x08000b3d   Thumb Code    28  init.o(.text)
    __scatterload_rt2                        0x08000b3d   Thumb Code     0  init.o(.text)
    __decompress                             0x08000b61   Thumb Code     0  __dczerorl2.o(.text)
    __decompress1                            0x08000b61   Thumb Code    86  __dczerorl2.o(.text)
    main                                     0x08000bb7   Thumb Code    10  components.o(i.$Sub$$main)
    BMS_AnalysisInit                         0x08000ded   Thumb Code    54  bms_analysis.o(i.BMS_AnalysisInit)
    BMS_CommInit                             0x080014b9   Thumb Code    54  bms_comm.o(i.BMS_CommInit)
    BMS_EnergyInit                           0x080019d1   Thumb Code   112  bms_energy.o(i.BMS_EnergyInit)
    BMS_HalCtrlCellsBalance                  0x08001b05   Thumb Code    16  bms_hal_control.o(i.BMS_HalCtrlCellsBalance)
    BMS_HalCtrlCharge                        0x08001b15   Thumb Code    14  bms_hal_control.o(i.BMS_HalCtrlCharge)
    BMS_HalCtrlDischarge                     0x08001b23   Thumb Code    14  bms_hal_control.o(i.BMS_HalCtrlDischarge)
    BMS_HalCtrlEnergyRecovery                0x08001b31   Thumb Code    52  bms_hal_control.o(i.BMS_HalCtrlEnergyRecovery)
    BMS_InfoInit                             0x08001bb1   Thumb Code    54  bms_info.o(i.BMS_InfoInit)
    BMS_MonitorHwCurrent                     0x0800214d   Thumb Code     8  bms_monitor.o(i.BMS_MonitorHwCurrent)
    BMS_MonitorInit                          0x08002159   Thumb Code    54  bms_monitor.o(i.BMS_MonitorInit)
    BMS_ProtectHwDevice                      0x080023e5   Thumb Code    22  bms_protect.o(i.BMS_ProtectHwDevice)
    BMS_ProtectHwMonitor                     0x0800242d   Thumb Code   154  bms_protect.o(i.BMS_ProtectHwMonitor)
    BMS_ProtectHwOCD                         0x08002529   Thumb Code    14  bms_protect.o(i.BMS_ProtectHwOCD)
    BMS_ProtectHwOV                          0x0800253d   Thumb Code    14  bms_protect.o(i.BMS_ProtectHwOV)
    BMS_ProtectHwOvrd                        0x08002551   Thumb Code    22  bms_protect.o(i.BMS_ProtectHwOvrd)
    BMS_ProtectHwSCD                         0x08002595   Thumb Code    14  bms_protect.o(i.BMS_ProtectHwSCD)
    BMS_ProtectHwUV                          0x080025a9   Thumb Code    14  bms_protect.o(i.BMS_ProtectHwUV)
    BMS_ProtectInit                          0x080025bd   Thumb Code    98  bms_protect.o(i.BMS_ProtectInit)
    BMS_SysInitialize                        0x080029f9   Thumb Code   108  bms_app.o(i.BMS_SysInitialize)
    BQ769X0_CellBalanceControl               0x08002b55   Thumb Code   110  drv_softi2c_bq769x0.o(i.BQ769X0_CellBalanceControl)
    BQ769X0_ControlDSGOrCHG                  0x08002cb5   Thumb Code    42  drv_softi2c_bq769x0.o(i.BQ769X0_ControlDSGOrCHG)
    BQ769X0_ControlEnergyRecovery            0x08002ce5   Thumb Code    32  drv_softi2c_bq769x0.o(i.BQ769X0_ControlEnergyRecovery)
    BQ769X0_EntryShip                        0x08002d09   Thumb Code    28  drv_softi2c_bq769x0.o(i.BQ769X0_EntryShip)
    BQ769X0_GetADCGainOffset                 0x08002d25   Thumb Code   176  drv_softi2c_bq769x0.o(i.BQ769X0_GetADCGainOffset)
    BQ769X0_Initialize                       0x08002de9   Thumb Code   222  drv_softi2c_bq769x0.o(i.BQ769X0_Initialize)
    BQ769X0_LoadDetect                       0x08002f0d   Thumb Code    40  drv_softi2c_bq769x0.o(i.BQ769X0_LoadDetect)
    BQ769X0_UpadteBatVolt                    0x08003399   Thumb Code   124  drv_softi2c_bq769x0.o(i.BQ769X0_UpadteBatVolt)
    BQ769X0_UpdateCellVolt                   0x08003459   Thumb Code   134  drv_softi2c_bq769x0.o(i.BQ769X0_UpdateCellVolt)
    BQ769X0_UpdateCurrent                    0x08003521   Thumb Code   134  drv_softi2c_bq769x0.o(i.BQ769X0_UpdateCurrent)
    BQ769X0_UpdateTsTemp                     0x080035ed   Thumb Code   174  drv_softi2c_bq769x0.o(i.BQ769X0_UpdateTsTemp)
    BQ769X0_Wakeup                           0x080036dd   Thumb Code    50  drv_softi2c_bq769x0.o(i.BQ769X0_Wakeup)
    Bms_HalMonitorBatteryCurrent             0x080038e1   Thumb Code    16  bms_hal_monitor.o(i.Bms_HalMonitorBatteryCurrent)
    Bms_HalMonitorBatteryVoltage             0x080038f9   Thumb Code    16  bms_hal_monitor.o(i.Bms_HalMonitorBatteryVoltage)
    Bms_HalMonitorCellTemperature            0x08003911   Thumb Code    82  bms_hal_monitor.o(i.Bms_HalMonitorCellTemperature)
    Bms_HalMonitorCellVoltage                0x08003979   Thumb Code    72  bms_hal_monitor.o(i.Bms_HalMonitorCellVoltage)
    Bms_HalMonitorLoadDetect                 0x080039d1   Thumb Code     8  bms_hal_monitor.o(i.Bms_HalMonitorLoadDetect)
    BubbleFloat                              0x080039d9   Thumb Code    70  bms_utils.o(i.BubbleFloat)
    BubbleSort                               0x08003a1f   Thumb Code    82  bms_utils.o(i.BubbleSort)
    BusFault_Handler                         0x08003a71   Thumb Code     4  stm32f1xx_it.o(i.BusFault_Handler)
    CAN1_RX1_IRQHandler                      0x08003a75   Thumb Code    10  stm32f1xx_it.o(i.CAN1_RX1_IRQHandler)
    CalculateStoredEnergy                    0x08003ac9   Thumb Code    34  bms_analysis.o(i.CalculateStoredEnergy)
    DebugMon_Handler                         0x08003af1   Thumb Code     2  stm32f1xx_it.o(i.DebugMon_Handler)
    EXTI15_10_IRQHandler                     0x08003af3   Thumb Code    12  stm32f1xx_it.o(i.EXTI15_10_IRQHandler)
    Error_Handler                            0x08003aff   Thumb Code     6  main.o(i.Error_Handler)
    HAL_CAN_ErrorCallback                    0x08003b13   Thumb Code     2  stm32f1xx_hal_can.o(i.HAL_CAN_ErrorCallback)
    HAL_CAN_GetRxMessage                     0x08003b15   Thumb Code   378  stm32f1xx_hal_can.o(i.HAL_CAN_GetRxMessage)
    HAL_CAN_IRQHandler                       0x08003c8f   Thumb Code   590  stm32f1xx_hal_can.o(i.HAL_CAN_IRQHandler)
    HAL_CAN_Init                             0x08003edd   Thumb Code   372  stm32f1xx_hal_can.o(i.HAL_CAN_Init)
    HAL_CAN_MspInit                          0x08004051   Thumb Code   154  can.o(i.HAL_CAN_MspInit)
    HAL_CAN_RxFifo0FullCallback              0x080040f9   Thumb Code     2  stm32f1xx_hal_can.o(i.HAL_CAN_RxFifo0FullCallback)
    HAL_CAN_RxFifo0MsgPendingCallback        0x080040fd   Thumb Code    52  drv_can.o(i.HAL_CAN_RxFifo0MsgPendingCallback)
    HAL_CAN_RxFifo1FullCallback              0x08004159   Thumb Code     2  stm32f1xx_hal_can.o(i.HAL_CAN_RxFifo1FullCallback)
    HAL_CAN_RxFifo1MsgPendingCallback        0x0800415b   Thumb Code     2  stm32f1xx_hal_can.o(i.HAL_CAN_RxFifo1MsgPendingCallback)
    HAL_CAN_SleepCallback                    0x0800415d   Thumb Code     2  stm32f1xx_hal_can.o(i.HAL_CAN_SleepCallback)
    HAL_CAN_TxMailbox0AbortCallback          0x0800415f   Thumb Code     2  stm32f1xx_hal_can.o(i.HAL_CAN_TxMailbox0AbortCallback)
    HAL_CAN_TxMailbox0CompleteCallback       0x08004161   Thumb Code     2  stm32f1xx_hal_can.o(i.HAL_CAN_TxMailbox0CompleteCallback)
    HAL_CAN_TxMailbox1AbortCallback          0x08004163   Thumb Code     2  stm32f1xx_hal_can.o(i.HAL_CAN_TxMailbox1AbortCallback)
    HAL_CAN_TxMailbox1CompleteCallback       0x08004165   Thumb Code     2  stm32f1xx_hal_can.o(i.HAL_CAN_TxMailbox1CompleteCallback)
    HAL_CAN_TxMailbox2AbortCallback          0x08004167   Thumb Code     2  stm32f1xx_hal_can.o(i.HAL_CAN_TxMailbox2AbortCallback)
    HAL_CAN_TxMailbox2CompleteCallback       0x08004169   Thumb Code     2  stm32f1xx_hal_can.o(i.HAL_CAN_TxMailbox2CompleteCallback)
    HAL_CAN_WakeUpFromRxMsgCallback          0x0800416b   Thumb Code     2  stm32f1xx_hal_can.o(i.HAL_CAN_WakeUpFromRxMsgCallback)
    HAL_DMA_Abort                            0x0800416d   Thumb Code    86  stm32f1xx_hal_dma.o(i.HAL_DMA_Abort)
    HAL_DMA_Abort_IT                         0x080041c5   Thumb Code   172  stm32f1xx_hal_dma.o(i.HAL_DMA_Abort_IT)
    HAL_GPIO_EXTI_Callback                   0x08004275   Thumb Code    16  drv_softi2c_bq769x0.o(i.HAL_GPIO_EXTI_Callback)
    HAL_GPIO_EXTI_IRQHandler                 0x08004285   Thumb Code    24  stm32f1xx_hal_gpio.o(i.HAL_GPIO_EXTI_IRQHandler)
    HAL_GPIO_Init                            0x080042a1   Thumb Code   766  stm32f1xx_hal_gpio.o(i.HAL_GPIO_Init)
    HAL_GPIO_ReadPin                         0x080045c1   Thumb Code    16  stm32f1xx_hal_gpio.o(i.HAL_GPIO_ReadPin)
    HAL_GPIO_TogglePin                       0x080045d1   Thumb Code    20  stm32f1xx_hal_gpio.o(i.HAL_GPIO_TogglePin)
    HAL_GPIO_WritePin                        0x080045e5   Thumb Code    12  stm32f1xx_hal_gpio.o(i.HAL_GPIO_WritePin)
    HAL_GetTick                              0x080045f1   Thumb Code     6  stm32f1xx_hal.o(i.HAL_GetTick)
    HAL_IncTick                              0x080045fd   Thumb Code    16  stm32f1xx_hal.o(i.HAL_IncTick)
    HAL_Init                                 0x08004615   Thumb Code    34  stm32f1xx_hal.o(i.HAL_Init)
    HAL_InitTick                             0x0800463d   Thumb Code    64  stm32f1xx_hal.o(i.HAL_InitTick)
    HAL_MspInit                              0x08004689   Thumb Code    82  stm32f1xx_hal_msp.o(i.HAL_MspInit)
    HAL_NVIC_EnableIRQ                       0x080046e5   Thumb Code    32  stm32f1xx_hal_cortex.o(i.HAL_NVIC_EnableIRQ)
    HAL_NVIC_SetPriority                     0x08004705   Thumb Code   124  stm32f1xx_hal_cortex.o(i.HAL_NVIC_SetPriority)
    HAL_NVIC_SetPriorityGrouping             0x08004781   Thumb Code    32  stm32f1xx_hal_cortex.o(i.HAL_NVIC_SetPriorityGrouping)
    HAL_RCC_ClockConfig                      0x080047a9   Thumb Code   376  stm32f1xx_hal_rcc.o(i.HAL_RCC_ClockConfig)
    HAL_RCC_GetHCLKFreq                      0x08004935   Thumb Code     6  stm32f1xx_hal_rcc.o(i.HAL_RCC_GetHCLKFreq)
    HAL_RCC_GetPCLK1Freq                     0x08004941   Thumb Code    22  stm32f1xx_hal_rcc.o(i.HAL_RCC_GetPCLK1Freq)
    HAL_RCC_GetPCLK2Freq                     0x08004961   Thumb Code    22  stm32f1xx_hal_rcc.o(i.HAL_RCC_GetPCLK2Freq)
    HAL_RCC_GetSysClockFreq                  0x08004981   Thumb Code   116  stm32f1xx_hal_rcc.o(i.HAL_RCC_GetSysClockFreq)
    HAL_RCC_OscConfig                        0x08004a15   Thumb Code  1114  stm32f1xx_hal_rcc.o(i.HAL_RCC_OscConfig)
    HAL_SYSTICK_Config                       0x08004e79   Thumb Code    52  stm32f1xx_hal_cortex.o(i.HAL_SYSTICK_Config)
    HAL_UARTEx_RxEventCallback               0x08004ead   Thumb Code     2  stm32f1xx_hal_uart.o(i.HAL_UARTEx_RxEventCallback)
    HAL_UART_ErrorCallback                   0x08004eaf   Thumb Code     2  stm32f1xx_hal_uart.o(i.HAL_UART_ErrorCallback)
    HAL_UART_IRQHandler                      0x08004eb1   Thumb Code   582  stm32f1xx_hal_uart.o(i.HAL_UART_IRQHandler)
    HAL_UART_Init                            0x080050fd   Thumb Code   114  stm32f1xx_hal_uart.o(i.HAL_UART_Init)
    HAL_UART_MspInit                         0x08005171   Thumb Code   240  usart.o(i.HAL_UART_MspInit)
    HAL_UART_Receive_IT                      0x08005271   Thumb Code    66  stm32f1xx_hal_uart.o(i.HAL_UART_Receive_IT)
    HAL_UART_RxCpltCallback                  0x080052b5   Thumb Code    36  drv_rs485.o(i.HAL_UART_RxCpltCallback)
    HAL_UART_Transmit                        0x080052f5   Thumb Code   210  stm32f1xx_hal_uart.o(i.HAL_UART_Transmit)
    HAL_UART_Transmit_IT                     0x080053c7   Thumb Code    88  stm32f1xx_hal_uart.o(i.HAL_UART_Transmit_IT)
    HAL_UART_TxCpltCallback                  0x08005421   Thumb Code    36  drv_rs485.o(i.HAL_UART_TxCpltCallback)
    I2C_BusInitialize                        0x080055b1   Thumb Code    12  drv_soft_i2c.o(i.I2C_BusInitialize)
    I2C_TransferMessages                     0x08005797   Thumb Code   182  drv_soft_i2c.o(i.I2C_TransferMessages)
    MX_CAN_Init                              0x080058cd   Thumb Code    62  can.o(i.MX_CAN_Init)
    MX_GPIO_Init                             0x08005915   Thumb Code   286  gpio.o(i.MX_GPIO_Init)
    MX_USART1_UART_Init                      0x08005a45   Thumb Code    46  usart.o(i.MX_USART1_UART_Init)
    MX_USART2_UART_Init                      0x08005a7d   Thumb Code    46  usart.o(i.MX_USART2_UART_Init)
    MemManage_Handler                        0x08005ab5   Thumb Code     4  stm32f1xx_it.o(i.MemManage_Handler)
    NMI_Handler                              0x08005ab9   Thumb Code     4  stm32f1xx_it.o(i.NMI_Handler)
    RS485_TransmitState                      0x08005ae5   Thumb Code    16  drv_rs485.o(i.RS485_TransmitState)
    SysTick_Handler                          0x08005b73   Thumb Code    22  board_1.o(i.SysTick_Handler)
    SystemClock_Config                       0x08005b89   Thumb Code   102  main.o(i.SystemClock_Config)
    SystemCoreClockUpdate                    0x08005bf1   Thumb Code   142  system_stm32f1xx.o(i.SystemCoreClockUpdate)
    SystemInit                               0x08005c95   Thumb Code     2  system_stm32f1xx.o(i.SystemInit)
    UART_Start_Receive_IT                    0x08006029   Thumb Code    70  stm32f1xx_hal_uart.o(i.UART_Start_Receive_IT)
    USART2_IRQHandler                        0x0800613d   Thumb Code    10  stm32f1xx_it.o(i.USART2_IRQHandler)
    USB_LP_CAN1_RX0_IRQHandler               0x0800614d   Thumb Code    10  stm32f1xx_it.o(i.USB_LP_CAN1_RX0_IRQHandler)
    UpdateStoredEnergy                       0x0800615d   Thumb Code    12  bms_analysis.o(i.UpdateStoredEnergy)
    UsageFault_Handler                       0x0800616d   Thumb Code     4  stm32f1xx_it.o(i.UsageFault_Handler)
    __0sprintf                               0x08006171   Thumb Code    34  printfa.o(i.__0sprintf)
    __1sprintf                               0x08006171   Thumb Code     0  printfa.o(i.__0sprintf)
    __2sprintf                               0x08006171   Thumb Code     0  printfa.o(i.__0sprintf)
    __c89sprintf                             0x08006171   Thumb Code     0  printfa.o(i.__0sprintf)
    sprintf                                  0x08006171   Thumb Code     0  printfa.o(i.__0sprintf)
    __rt_ffs                                 0x080061d1   Thumb Code    66  kservice.o(i.__rt_ffs)
    __scatterload_copy                       0x08006219   Thumb Code    14  handlers.o(i.__scatterload_copy)
    __scatterload_null                       0x08006227   Thumb Code     2  handlers.o(i.__scatterload_null)
    __scatterload_zeroinit                   0x08006229   Thumb Code    14  handlers.o(i.__scatterload_zeroinit)
    cmd_free                                 0x08006d19   Thumb Code    10  msh.o(i.cmd_free)
    cmd_ps                                   0x08006d23   Thumb Code    10  msh.o(i.cmd_ps)
    finsh_get_prompt                         0x08006d69   Thumb Code    84  shell.o(i.finsh_get_prompt)
    finsh_set_prompt_mode                    0x08006ddd   Thumb Code    18  shell.o(i.finsh_set_prompt_mode)
    finsh_system_function_init               0x08006df5   Thumb Code     8  shell.o(i.finsh_system_function_init)
    finsh_system_init                        0x08006e01   Thumb Code    96  shell.o(i.finsh_system_init)
    finsh_thread_entry                       0x08006e99   Thumb Code   640  shell.o(i.finsh_thread_entry)
    hello                                    0x080071bd   Thumb Code    12  cmd.o(i.hello)
    list                                     0x080071dd   Thumb Code    54  cmd.o(i.list)
    list_mem                                 0x080072e1   Thumb Code    32  mem.o(i.list_mem)
    list_mutex                               0x0800734d   Thumb Code   190  cmd.o(i.list_mutex)
    list_sem                                 0x08007475   Thumb Code   246  cmd.o(i.list_sem)
    list_thread                              0x080075d1   Thumb Code   288  cmd.o(i.list_thread)
    list_timer                               0x080077b1   Thumb Code   184  cmd.o(i.list_timer)
    $Super$$main                             0x0800790d   Thumb Code    48  main.o(i.main)
    main_thread_entry                        0x08007941   Thumb Code    14  components.o(i.main_thread_entry)
    msh_auto_complete                        0x08007a35   Thumb Code   148  msh.o(i.msh_auto_complete)
    msh_exec                                 0x08007add   Thumb Code    76  msh.o(i.msh_exec)
    msh_help                                 0x08007b9d   Thumb Code    62  msh.o(i.msh_help)
    msh_is_used                              0x08007c19   Thumb Code     4  msh.o(i.msh_is_used)
    right_bound                              0x08007ecd   Thumb Code    82  bms_utils.o(i.right_bound)
    rt_application_init                      0x08007f21   Thumb Code    36  components.o(i.rt_application_init)
    rt_calloc                                0x08007f51   Thumb Code    28  mem.o(i.rt_calloc)
    rt_components_board_init                 0x08007f6d   Thumb Code    22  components.o(i.rt_components_board_init)
    rt_components_init                       0x08007f8d   Thumb Code    22  components.o(i.rt_components_init)
    rt_enter_critical                        0x08007fad   Thumb Code    22  scheduler.o(i.rt_enter_critical)
    rt_exit_critical                         0x08007fc9   Thumb Code    52  scheduler.o(i.rt_exit_critical)
    rt_free                                  0x08008001   Thumb Code   114  mem.o(i.rt_free)
    rt_heap_begin_get                        0x080080c9   Thumb Code     4  board_1.o(i.rt_heap_begin_get)
    rt_heap_end_get                          0x080080d1   Thumb Code     4  board_1.o(i.rt_heap_end_get)
    rt_hw_board_init                         0x080080d9   Thumb Code    54  board_1.o(i.rt_hw_board_init)
    rt_hw_console_getchar                    0x08008111   Thumb Code    34  board_1.o(i.rt_hw_console_getchar)
    rt_hw_console_output                     0x08008139   Thumb Code    68  board_1.o(i.rt_hw_console_output)
    rt_hw_hard_fault_exception               0x08008181   Thumb Code   190  cpuport.o(i.rt_hw_hard_fault_exception)
    rt_hw_stack_init                         0x08008381   Thumb Code    60  cpuport.o(i.rt_hw_stack_init)
    rt_interrupt_enter                       0x080083c1   Thumb Code    22  irq.o(i.rt_interrupt_enter)
    rt_interrupt_leave                       0x080083dd   Thumb Code    22  irq.o(i.rt_interrupt_leave)
    rt_kprintf                               0x080083f9   Thumb Code    30  kservice.o(i.rt_kprintf)
    rt_malloc                                0x0800841d   Thumb Code   264  mem.o(i.rt_malloc)
    rt_memmove                               0x0800852d   Thumb Code    54  kservice.o(i.rt_memmove)
    rt_memset                                0x08008563   Thumb Code    86  kservice.o(i.rt_memset)
    rt_object_allocate                       0x080085b9   Thumb Code    90  object.o(i.rt_object_allocate)
    rt_object_delete                         0x08008613   Thumb Code    46  object.o(i.rt_object_delete)
    rt_object_detach                         0x08008641   Thumb Code    44  object.o(i.rt_object_detach)
    rt_object_get_information                0x0800866d   Thumb Code    30  object.o(i.rt_object_get_information)
    rt_object_init                           0x08008691   Thumb Code    90  object.o(i.rt_object_init)
    rt_object_is_systemobject                0x080086eb   Thumb Code    16  object.o(i.rt_object_is_systemobject)
    rt_schedule                              0x080086fd   Thumb Code    88  scheduler.o(i.rt_schedule)
    rt_schedule_insert_thread                0x08008761   Thumb Code    72  scheduler.o(i.rt_schedule_insert_thread)
    rt_schedule_remove_thread                0x080087b1   Thumb Code    76  scheduler.o(i.rt_schedule_remove_thread)
    rt_sem_create                            0x08008805   Thumb Code    32  ipc.o(i.rt_sem_create)
    rt_sem_init                              0x08008825   Thumb Code    34  ipc.o(i.rt_sem_init)
    rt_sem_release                           0x08008847   Thumb Code    88  ipc.o(i.rt_sem_release)
    rt_sem_take                              0x0800889f   Thumb Code   214  ipc.o(i.rt_sem_take)
    rt_show_version                          0x08008975   Thumb Code    40  kservice.o(i.rt_show_version)
    rt_strlen                                0x08008a25   Thumb Code    16  kservice.o(i.rt_strlen)
    rt_strncpy                               0x08008a35   Thumb Code    42  kservice.o(i.rt_strncpy)
    rt_system_heap_init                      0x08008a61   Thumb Code   100  mem.o(i.rt_system_heap_init)
    rt_system_scheduler_init                 0x08008b11   Thumb Code    48  scheduler.o(i.rt_system_scheduler_init)
    rt_system_scheduler_start                0x08008b4d   Thumb Code    32  scheduler.o(i.rt_system_scheduler_start)
    rt_system_timer_init                     0x08008b75   Thumb Code    20  timer.o(i.rt_system_timer_init)
    rt_system_timer_thread_init              0x08008b8d   Thumb Code     2  timer.o(i.rt_system_timer_thread_init)
    rt_thread_create                         0x08008b8f   Thumb Code    90  thread.o(i.rt_thread_create)
    rt_thread_exit                           0x08008be9   Thumb Code    88  thread.o(i.rt_thread_exit)
    rt_thread_idle_excute                    0x08008c51   Thumb Code    80  idle.o(i.rt_thread_idle_excute)
    rt_thread_idle_init                      0x08008ca5   Thumb Code    44  idle.o(i.rt_thread_idle_init)
    rt_thread_init                           0x08008ce5   Thumb Code    50  thread.o(i.rt_thread_init)
    rt_thread_mdelay                         0x08008d17   Thumb Code    14  thread.o(i.rt_thread_mdelay)
    rt_thread_resume                         0x08008d25   Thumb Code    72  thread.o(i.rt_thread_resume)
    rt_thread_self                           0x08008d6d   Thumb Code     6  thread.o(i.rt_thread_self)
    rt_thread_sleep                          0x08008d79   Thumb Code    64  thread.o(i.rt_thread_sleep)
    rt_thread_startup                        0x08008dbd   Thumb Code    42  thread.o(i.rt_thread_startup)
    rt_thread_suspend                        0x08008de7   Thumb Code    68  thread.o(i.rt_thread_suspend)
    rt_thread_timeout                        0x08008e2b   Thumb Code    40  thread.o(i.rt_thread_timeout)
    rt_thread_yield                          0x08008e55   Thumb Code    98  thread.o(i.rt_thread_yield)
    rt_tick_from_millisecond                 0x08008ec1   Thumb Code    50  clock.o(i.rt_tick_from_millisecond)
    rt_tick_get                              0x08008ef5   Thumb Code     6  clock.o(i.rt_tick_get)
    rt_tick_increase                         0x08008f01   Thumb Code    38  clock.o(i.rt_tick_increase)
    rt_timer_check                           0x08008f2d   Thumb Code   240  timer.o(i.rt_timer_check)
    rt_timer_control                         0x08009021   Thumb Code    84  timer.o(i.rt_timer_control)
    rt_timer_create                          0x08009075   Thumb Code    50  timer.o(i.rt_timer_create)
    rt_timer_detach                          0x080090a7   Thumb Code    70  timer.o(i.rt_timer_detach)
    rt_timer_init                            0x080090ed   Thumb Code    42  timer.o(i.rt_timer_init)
    rt_timer_start                           0x08009119   Thumb Code   198  timer.o(i.rt_timer_start)
    rt_timer_stop                            0x080091e9   Thumb Code    82  timer.o(i.rt_timer_stop)
    rt_vsnprintf                             0x0800923d   Thumb Code   802  kservice.o(i.rt_vsnprintf)
    rtthread_startup                         0x08009579   Thumb Code    42  components.o(i.rtthread_startup)
    swap                                     0x0800962b   Thumb Code    26  bms_utils.o(i.swap)
    version                                  0x08009755   Thumb Code    10  cmd.o(i.version)
    AHBPrescTable                            0x0800975e   Data          16  system_stm32f1xx.o(.constdata)
    APBPrescTable                            0x0800976e   Data           8  system_stm32f1xx.o(.constdata)
    __lowest_bit_bitmap                      0x080097b4   Data         256  kservice.o(.constdata)
    __fsym___cmd_BMS_CmdOpenDSG_name         0x080099a8   Data          21  bms_msh_commond.o(.rodata.name)
    __fsym___cmd_BMS_CmdOpenDSG_desc         0x080099bd   Data           9  bms_msh_commond.o(.rodata.name)
    __fsym___cmd_BMS_CmdCloseDSG_name        0x080099c6   Data          22  bms_msh_commond.o(.rodata.name)
    __fsym___cmd_BMS_CmdCloseDSG_desc        0x080099dc   Data          10  bms_msh_commond.o(.rodata.name)
    __fsym___cmd_BMS_CmdOpenCHG_name         0x080099e6   Data          21  bms_msh_commond.o(.rodata.name)
    __fsym___cmd_BMS_CmdOpenCHG_desc         0x080099fb   Data           9  bms_msh_commond.o(.rodata.name)
    __fsym___cmd_BMS_CmdCloseCHG_name        0x08009a04   Data          22  bms_msh_commond.o(.rodata.name)
    __fsym___cmd_BMS_CmdCloseCHG_desc        0x08009a1a   Data          10  bms_msh_commond.o(.rodata.name)
    __fsym___cmd_BMS_CmdOpenBalance_name     0x08009a24   Data          25  bms_msh_commond.o(.rodata.name)
    __fsym___cmd_BMS_CmdOpenBalance_desc     0x08009a3d   Data          13  bms_msh_commond.o(.rodata.name)
    __fsym___cmd_BMS_CmdCloseBalance_name    0x08009a4a   Data          26  bms_msh_commond.o(.rodata.name)
    __fsym___cmd_BMS_CmdCloseBalance_desc    0x08009a64   Data          14  bms_msh_commond.o(.rodata.name)
    __fsym___cmd_BMS_CmdLoadDetect_name      0x08009a72   Data          24  bms_msh_commond.o(.rodata.name)
    __fsym___cmd_BMS_CmdLoadDetect_desc      0x08009a8a   Data          12  bms_msh_commond.o(.rodata.name)
    __fsym_list_mem_name                     0x08009a96   Data           9  mem.o(.rodata.name)
    __fsym_list_mem_desc                     0x08009a9f   Data          30  mem.o(.rodata.name)
    __fsym_hello_name                        0x08009abd   Data           6  cmd.o(.rodata.name)
    __fsym_hello_desc                        0x08009ac3   Data          16  cmd.o(.rodata.name)
    __fsym_version_name                      0x08009ad3   Data           8  cmd.o(.rodata.name)
    __fsym_version_desc                      0x08009adb   Data          35  cmd.o(.rodata.name)
    __fsym___cmd_version_name                0x08009afe   Data          14  cmd.o(.rodata.name)
    __fsym___cmd_version_desc                0x08009b0c   Data          35  cmd.o(.rodata.name)
    __fsym_list_thread_name                  0x08009b2f   Data          12  cmd.o(.rodata.name)
    __fsym_list_thread_desc                  0x08009b3b   Data          12  cmd.o(.rodata.name)
    __fsym___cmd_list_thread_name            0x08009b47   Data          18  cmd.o(.rodata.name)
    __fsym___cmd_list_thread_desc            0x08009b59   Data          12  cmd.o(.rodata.name)
    __fsym_list_sem_name                     0x08009b65   Data           9  cmd.o(.rodata.name)
    __fsym_list_sem_desc                     0x08009b6e   Data          25  cmd.o(.rodata.name)
    __fsym___cmd_list_sem_name               0x08009b87   Data          15  cmd.o(.rodata.name)
    __fsym___cmd_list_sem_desc               0x08009b96   Data          25  cmd.o(.rodata.name)
    __fsym_list_mutex_name                   0x08009baf   Data          11  cmd.o(.rodata.name)
    __fsym_list_mutex_desc                   0x08009bba   Data          21  cmd.o(.rodata.name)
    __fsym___cmd_list_mutex_name             0x08009bcf   Data          17  cmd.o(.rodata.name)
    __fsym___cmd_list_mutex_desc             0x08009be0   Data          21  cmd.o(.rodata.name)
    __fsym_list_timer_name                   0x08009bf5   Data          11  cmd.o(.rodata.name)
    __fsym_list_timer_desc                   0x08009c00   Data          21  cmd.o(.rodata.name)
    __fsym___cmd_list_timer_name             0x08009c15   Data          17  cmd.o(.rodata.name)
    __fsym___cmd_list_timer_desc             0x08009c26   Data          21  cmd.o(.rodata.name)
    __fsym_list_name                         0x08009c3b   Data           5  cmd.o(.rodata.name)
    __fsym_list_desc                         0x08009c40   Data          26  cmd.o(.rodata.name)
    __fsym___cmd_help_name                   0x08009c5a   Data          11  msh.o(.rodata.name)
    __fsym___cmd_help_desc                   0x08009c65   Data          22  msh.o(.rodata.name)
    __fsym___cmd_ps_name                     0x08009c7b   Data           9  msh.o(.rodata.name)
    __fsym___cmd_ps_desc                     0x08009c84   Data          28  msh.o(.rodata.name)
    __fsym___cmd_free_name                   0x08009ca0   Data          11  msh.o(.rodata.name)
    __fsym___cmd_free_desc                   0x08009cab   Data          37  msh.o(.rodata.name)
    __rt_init_rti_start                      0x08009cd0   Data           4  components.o(.rti_fn.0)
    __rt_init_rti_board_start                0x08009cd4   Data           4  components.o(.rti_fn.0.end)
    __rt_init_uart_init                      0x08009cd8   Data           4  board_1.o(.rti_fn.1)
    __rt_init_rti_board_end                  0x08009cdc   Data           4  components.o(.rti_fn.1.end)
    __rt_init_finsh_system_init              0x08009ce0   Data           4  shell.o(.rti_fn.6)
    __rt_init_rti_end                        0x08009ce4   Data           4  components.o(.rti_fn.6.end)
    FSymTab$$Base                            0x08009ce8   Number         0  bms_msh_commond.o(FSymTab)
    __fsym___cmd_BMS_CmdOpenDSG              0x08009ce8   Data          12  bms_msh_commond.o(FSymTab)
    __fsym___cmd_BMS_CmdCloseDSG             0x08009cf4   Data          12  bms_msh_commond.o(FSymTab)
    __fsym___cmd_BMS_CmdOpenCHG              0x08009d00   Data          12  bms_msh_commond.o(FSymTab)
    __fsym___cmd_BMS_CmdCloseCHG             0x08009d0c   Data          12  bms_msh_commond.o(FSymTab)
    __fsym___cmd_BMS_CmdOpenBalance          0x08009d18   Data          12  bms_msh_commond.o(FSymTab)
    __fsym___cmd_BMS_CmdCloseBalance         0x08009d24   Data          12  bms_msh_commond.o(FSymTab)
    __fsym___cmd_BMS_CmdLoadDetect           0x08009d30   Data          12  bms_msh_commond.o(FSymTab)
    __fsym_list_mem                          0x08009d3c   Data          12  mem.o(FSymTab)
    __fsym_hello                             0x08009d48   Data          12  cmd.o(FSymTab)
    __fsym_version                           0x08009d54   Data          12  cmd.o(FSymTab)
    __fsym___cmd_version                     0x08009d60   Data          12  cmd.o(FSymTab)
    __fsym_list_thread                       0x08009d6c   Data          12  cmd.o(FSymTab)
    __fsym___cmd_list_thread                 0x08009d78   Data          12  cmd.o(FSymTab)
    __fsym_list_sem                          0x08009d84   Data          12  cmd.o(FSymTab)
    __fsym___cmd_list_sem                    0x08009d90   Data          12  cmd.o(FSymTab)
    __fsym_list_mutex                        0x08009d9c   Data          12  cmd.o(FSymTab)
    __fsym___cmd_list_mutex                  0x08009da8   Data          12  cmd.o(FSymTab)
    __fsym_list_timer                        0x08009db4   Data          12  cmd.o(FSymTab)
    __fsym___cmd_list_timer                  0x08009dc0   Data          12  cmd.o(FSymTab)
    __fsym_list                              0x08009dcc   Data          12  cmd.o(FSymTab)
    __fsym___cmd_help                        0x08009dd8   Data          12  msh.o(FSymTab)
    __fsym___cmd_ps                          0x08009de4   Data          12  msh.o(FSymTab)
    __fsym___cmd_free                        0x08009df0   Data          12  msh.o(FSymTab)
    FSymTab$$Limit                           0x08009dfc   Number         0  msh.o(FSymTab)
    Region$$Table$$Base                      0x08009dfc   Number         0  anon$$obj.o(Region$$Table)
    Region$$Table$$Limit                     0x08009e1c   Number         0  anon$$obj.o(Region$$Table)
    uwTick                                   0x20000000   Data           4  stm32f1xx_hal.o(.data)
    uwTickPrio                               0x20000004   Data           4  stm32f1xx_hal.o(.data)
    uwTickFreq                               0x20000008   Data           1  stm32f1xx_hal.o(.data)
    SystemCoreClock                          0x2000000c   Data           4  system_stm32f1xx.o(.data)
    BMS_ProtectAlert                         0x20000024   Data           2  bms_protect.o(.data)
    BMS_ProtectParam                         0x20000028   Data          68  bms_protect.o(.data)
    BMS_AnalysisData                         0x20000078   Data          52  bms_analysis.o(.data)
    SocOcvTab                                0x200000ac   Data         202  bms_analysis.o(.data)
    BMS_EnergyData                           0x20000178   Data          40  bms_energy.o(.data)
    BalanceSem                               0x200001a0   Data           4  bms_energy.o(.data)
    BMS_GlobalParam                          0x200001b2   Data           6  bms_global.o(.data)
    i2c1                                     0x200001bc   Data          32  drv_soft_i2c.o(.data)
    rc                                       0x200001ef   Data           1  drv_rs485.o(.data)
    rt_interrupt_nest                        0x200001f4   Data           1  irq.o(.data)
    rt_current_priority                      0x20000250   Data           1  scheduler.o(.data)
    rt_current_thread                        0x20000254   Data           4  scheduler.o(.data)
    rt_thread_ready_priority_group           0x20000258   Data           4  scheduler.o(.data)
    rt_thread_defunct                        0x2000025c   Data           8  scheduler.o(.data)
    rt_interrupt_from_thread                 0x20000274   Data           4  cpuport.o(.data)
    rt_interrupt_to_thread                   0x20000278   Data           4  cpuport.o(.data)
    rt_thread_switch_interrupt_flag          0x2000027c   Data           4  cpuport.o(.data)
    _syscall_table_begin                     0x20000280   Data           4  shell.o(.data)
    _syscall_table_end                       0x20000284   Data           4  shell.o(.data)
    _sysvar_table_begin                      0x20000288   Data           4  shell.o(.data)
    _sysvar_table_end                        0x2000028c   Data           4  shell.o(.data)
    shell                                    0x20000294   Data           4  shell.o(.data)
    hcan                                     0x20000298   Data          40  can.o(.bss)
    huart1                                   0x200002c0   Data          68  usart.o(.bss)
    huart2                                   0x20000304   Data          68  usart.o(.bss)
    BMS_MonitorData                          0x20000348   Data          76  bms_monitor.o(.bss)
    BQ769X0_SampleData                       0x200003e8   Data          36  drv_softi2c_bq769x0.o(.bss)
    rt_thread_priority_table                 0x20000624   Data         256  scheduler.o(.bss)
    __initial_sp                             0x200033f0   Data           0  startup_stm32f103xb.o(STACK)



==============================================================================

Memory Map of the image

  Image Entry point : 0x080000ed

  Load Region LR_IROM1 (Base: 0x08000000, Size: 0x0000a0b4, Max: 0x00010000, ABSOLUTE, COMPRESSED[0x00009f98])

    Execution Region ER_IROM1 (Exec base: 0x08000000, Load base: 0x08000000, Size: 0x00009e1c, Max: 0x00010000, ABSOLUTE)

    Exec Addr    Load Addr    Size         Type   Attr      Idx    E Section Name        Object

    0x08000000   0x08000000   0x000000ec   Data   RO            3    RESET               startup_stm32f103xb.o
    0x080000ec   0x080000ec   0x00000000   Code   RO         4694  * .ARM.Collect$$$$00000000  mc_w.l(entry.o)
    0x080000ec   0x080000ec   0x00000004   Code   RO         5012    .ARM.Collect$$$$00000001  mc_w.l(entry2.o)
    0x080000f0   0x080000f0   0x00000004   Code   RO         5015    .ARM.Collect$$$$00000004  mc_w.l(entry5.o)
    0x080000f4   0x080000f4   0x00000000   Code   RO         5017    .ARM.Collect$$$$00000008  mc_w.l(entry7b.o)
    0x080000f4   0x080000f4   0x00000000   Code   RO         5019    .ARM.Collect$$$$0000000A  mc_w.l(entry8b.o)
    0x080000f4   0x080000f4   0x00000008   Code   RO         5020    .ARM.Collect$$$$0000000B  mc_w.l(entry9a.o)
    0x080000fc   0x080000fc   0x00000000   Code   RO         5022    .ARM.Collect$$$$0000000D  mc_w.l(entry10a.o)
    0x080000fc   0x080000fc   0x00000000   Code   RO         5024    .ARM.Collect$$$$0000000F  mc_w.l(entry11a.o)
    0x080000fc   0x080000fc   0x00000004   Code   RO         5013    .ARM.Collect$$$$00002712  mc_w.l(entry2.o)
    0x08000100   0x08000100   0x00000024   Code   RO            4    .text               startup_stm32f103xb.o
    0x08000124   0x08000124   0x000000f4   Code   RO         3403    .text               context_rvds.o
    0x08000218   0x08000218   0x00000020   Code   RO         4697    .text               mc_w.l(llushr.o)
    0x08000238   0x08000238   0x00000024   Code   RO         4699    .text               mc_w.l(memcpya.o)
    0x0800025c   0x0800025c   0x00000024   Code   RO         4701    .text               mc_w.l(memseta.o)
    0x08000280   0x08000280   0x00000018   Code   RO         4703    .text               mc_w.l(strcat.o)
    0x08000298   0x08000298   0x00000018   Code   RO         4705    .text               mc_w.l(strncpy.o)
    0x080002b0   0x080002b0   0x0000000e   Code   RO         4707    .text               mc_w.l(strlen.o)
    0x080002be   0x080002be   0x0000001e   Code   RO         4711    .text               mc_w.l(strncmp.o)
    0x080002dc   0x080002dc   0x000000b0   Code   RO         4976    .text               mf_w.l(fadd.o)
    0x0800038c   0x0800038c   0x00000064   Code   RO         4978    .text               mf_w.l(fmul.o)
    0x080003f0   0x080003f0   0x0000007c   Code   RO         4980    .text               mf_w.l(fdiv.o)
    0x0800046c   0x0800046c   0x0000014e   Code   RO         4982    .text               mf_w.l(dadd.o)
    0x080005ba   0x080005ba   0x000000e4   Code   RO         4984    .text               mf_w.l(dmul.o)
    0x0800069e   0x0800069e   0x000000de   Code   RO         4986    .text               mf_w.l(ddiv.o)
    0x0800077c   0x0800077c   0x00000012   Code   RO         4988    .text               mf_w.l(fflti.o)
    0x0800078e   0x0800078e   0x0000000a   Code   RO         4990    .text               mf_w.l(ffltui.o)
    0x08000798   0x08000798   0x00000022   Code   RO         4992    .text               mf_w.l(dflti.o)
    0x080007ba   0x080007ba   0x0000001a   Code   RO         4994    .text               mf_w.l(dfltui.o)
    0x080007d4   0x080007d4   0x00000032   Code   RO         4996    .text               mf_w.l(ffixi.o)
    0x08000806   0x08000806   0x00000028   Code   RO         4998    .text               mf_w.l(ffixui.o)
    0x0800082e   0x0800082e   0x00000026   Code   RO         5000    .text               mf_w.l(f2d.o)
    0x08000854   0x08000854   0x00000030   Code   RO         5002    .text               mf_w.l(cdcmple.o)
    0x08000884   0x08000884   0x00000030   Code   RO         5004    .text               mf_w.l(cdrcmple.o)
    0x080008b4   0x080008b4   0x00000038   Code   RO         5006    .text               mf_w.l(d2f.o)
    0x080008ec   0x080008ec   0x00000014   Code   RO         5008    .text               mf_w.l(cfcmple.o)
    0x08000900   0x08000900   0x00000014   Code   RO         5010    .text               mf_w.l(cfrcmple.o)
    0x08000914   0x08000914   0x0000002c   Code   RO         5029    .text               mc_w.l(uidiv.o)
    0x08000940   0x08000940   0x00000062   Code   RO         5031    .text               mc_w.l(uldiv.o)
    0x080009a2   0x080009a2   0x0000001e   Code   RO         5033    .text               mc_w.l(llshl.o)
    0x080009c0   0x080009c0   0x00000024   Code   RO         5035    .text               mc_w.l(llsshr.o)
    0x080009e4   0x080009e4   0x00000000   Code   RO         5037    .text               mc_w.l(iusefp.o)
    0x080009e4   0x080009e4   0x0000006e   Code   RO         5038    .text               mf_w.l(fepilogue.o)
    0x08000a52   0x08000a52   0x000000ba   Code   RO         5040    .text               mf_w.l(depilogue.o)
    0x08000b0c   0x08000b0c   0x00000030   Code   RO         5042    .text               mf_w.l(dfixul.o)
    0x08000b3c   0x08000b3c   0x00000024   Code   RO         5044    .text               mc_w.l(init.o)
    0x08000b60   0x08000b60   0x00000056   Code   RO         5056    .text               mc_w.l(__dczerorl2.o)
    0x08000bb6   0x08000bb6   0x0000000a   Code   RO         3445    i.$Sub$$main        components.o
    0x08000bc0   0x08000bc0   0x00000120   Code   RO         2389    i.BMS_AnalysisAHSocCalculate  bms_analysis.o
    0x08000ce0   0x08000ce0   0x00000008   Code   RO         2390    i.BMS_AnalysisCalCap  bms_analysis.o
    0x08000ce8   0x08000ce8   0x00000074   Code   RO         2391    i.BMS_AnalysisCapAndSocInit  bms_analysis.o
    0x08000d5c   0x08000d5c   0x00000090   Code   RO         2392    i.BMS_AnalysisEasy  bms_analysis.o
    0x08000dec   0x08000dec   0x00000078   Code   RO         2393    i.BMS_AnalysisInit  bms_analysis.o
    0x08000e64   0x08000e64   0x00000070   Code   RO         2394    i.BMS_AnalysisOcvSocCalculate  bms_analysis.o
    0x08000ed4   0x08000ed4   0x0000007c   Code   RO         2395    i.BMS_AnalysisOcvToSoc  bms_analysis.o
    0x08000f50   0x08000f50   0x0000000c   Code   RO         2396    i.BMS_AnalysisSocCheck  bms_analysis.o
    0x08000f5c   0x08000f5c   0x00000020   Code   RO         2397    i.BMS_AnalysisTaskEntry  bms_analysis.o
    0x08000f7c   0x08000f7c   0x00000100   Code   RO         2398    i.BMS_AnalysisTempCal  bms_analysis.o
    0x0800107c   0x0800107c   0x00000070   Code   RO         2474    i.BMS_BalanceStartTimer  bms_energy.o
    0x080010ec   0x080010ec   0x00000080   Code   RO         2475    i.BMS_BalanceTimerEntry  bms_energy.o
    0x0800116c   0x0800116c   0x0000014c   Code   RO         2524    i.BMS_BattLow       bms_info.o
    0x080012b8   0x080012b8   0x0000013c   Code   RO         2289    i.BMS_ChargeMonitor  bms_protect.o
    0x080013f4   0x080013f4   0x0000001c   Code   RO         2593    i.BMS_CmdCloseBalance  bms_msh_commond.o
    0x08001410   0x08001410   0x0000000c   Code   RO         2594    i.BMS_CmdCloseCHG   bms_msh_commond.o
    0x0800141c   0x0800141c   0x0000000c   Code   RO         2595    i.BMS_CmdCloseDSG   bms_msh_commond.o
    0x08001428   0x08001428   0x0000006c   Code   RO         2596    i.BMS_CmdLoadDetect  bms_msh_commond.o
    0x08001494   0x08001494   0x0000000c   Code   RO         2597    i.BMS_CmdOpenBalance  bms_msh_commond.o
    0x080014a0   0x080014a0   0x0000000c   Code   RO         2598    i.BMS_CmdOpenCHG    bms_msh_commond.o
    0x080014ac   0x080014ac   0x0000000c   Code   RO         2599    i.BMS_CmdOpenDSG    bms_msh_commond.o
    0x080014b8   0x080014b8   0x00000068   Code   RO         2567    i.BMS_CommInit      bms_comm.o
    0x08001520   0x08001520   0x0000000c   Code   RO         2568    i.BMS_CommTaskEntry  bms_comm.o
    0x0800152c   0x0800152c   0x000000c8   Code   RO         2290    i.BMS_DischargeMonitor  bms_protect.o
    0x080015f4   0x080015f4   0x000001d8   Code   RO         2476    i.BMS_EnergyBalanceManage  bms_energy.o
    0x080017cc   0x080017cc   0x00000204   Code   RO         2477    i.BMS_EnergyChgDsgManage  bms_energy.o
    0x080019d0   0x080019d0   0x000000d8   Code   RO         2478    i.BMS_EnergyInit    bms_energy.o
    0x08001aa8   0x08001aa8   0x0000005c   Code   RO         2479    i.BMS_EnergyTaskEntry  bms_energy.o
    0x08001b04   0x08001b04   0x00000010   Code   RO         2746    i.BMS_HalCtrlCellsBalance  bms_hal_control.o
    0x08001b14   0x08001b14   0x0000000e   Code   RO         2747    i.BMS_HalCtrlCharge  bms_hal_control.o
    0x08001b22   0x08001b22   0x0000000e   Code   RO         2748    i.BMS_HalCtrlDischarge  bms_hal_control.o
    0x08001b30   0x08001b30   0x00000080   Code   RO         2749    i.BMS_HalCtrlEnergyRecovery  bms_hal_control.o
    0x08001bb0   0x08001bb0   0x00000070   Code   RO         2525    i.BMS_InfoInit      bms_info.o
    0x08001c20   0x08001c20   0x0000043c   Code   RO         2526    i.BMS_InfoPrintf    bms_info.o
    0x0800205c   0x0800205c   0x00000010   Code   RO         2527    i.BMS_InfoTaskEntry  bms_info.o
    0x0800206c   0x0800206c   0x000000e0   Code   RO         2216    i.BMS_MonitorBattery  bms_monitor.o
    0x0800214c   0x0800214c   0x0000000c   Code   RO         2217    i.BMS_MonitorHwCurrent  bms_monitor.o
    0x08002158   0x08002158   0x00000070   Code   RO         2218    i.BMS_MonitorInit   bms_monitor.o
    0x080021c8   0x080021c8   0x00000204   Code   RO         2223    i.BMS_MonitorSysMode  bms_monitor.o
    0x080023cc   0x080023cc   0x00000016   Code   RO         2224    i.BMS_MonitorTaskEntry  bms_monitor.o
    0x080023e2   0x080023e2   0x00000002   PAD
    0x080023e4   0x080023e4   0x00000048   Code   RO         2291    i.BMS_ProtectHwDevice  bms_protect.o
    0x0800242c   0x0800242c   0x000000fc   Code   RO         2292    i.BMS_ProtectHwMonitor  bms_protect.o
    0x08002528   0x08002528   0x00000014   Code   RO         2293    i.BMS_ProtectHwOCD  bms_protect.o
    0x0800253c   0x0800253c   0x00000014   Code   RO         2294    i.BMS_ProtectHwOV   bms_protect.o
    0x08002550   0x08002550   0x00000044   Code   RO         2295    i.BMS_ProtectHwOvrd  bms_protect.o
    0x08002594   0x08002594   0x00000014   Code   RO         2296    i.BMS_ProtectHwSCD  bms_protect.o
    0x080025a8   0x080025a8   0x00000014   Code   RO         2297    i.BMS_ProtectHwUV   bms_protect.o
    0x080025bc   0x080025bc   0x000000c0   Code   RO         2298    i.BMS_ProtectInit   bms_protect.o
    0x0800267c   0x0800267c   0x000000a4   Code   RO         2299    i.BMS_ProtectRelieve  bms_protect.o
    0x08002720   0x08002720   0x000001a8   Code   RO         2300    i.BMS_ProtectRelieveWait  bms_protect.o
    0x080028c8   0x080028c8   0x00000070   Code   RO         2301    i.BMS_ProtectStartTimer  bms_protect.o
    0x08002938   0x08002938   0x00000034   Code   RO         2302    i.BMS_ProtectSwMonitor  bms_protect.o
    0x0800296c   0x0800296c   0x00000038   Code   RO         2303    i.BMS_ProtectTaskEntry  bms_protect.o
    0x080029a4   0x080029a4   0x00000054   Code   RO         2304    i.BMS_ProtectTimerEntry  bms_protect.o
    0x080029f8   0x080029f8   0x00000088   Code   RO         2127    i.BMS_SysInitialize  bms_app.o
    0x08002a80   0x08002a80   0x000000d4   Code   RO         3077    i.BQ769X0_AlertHandler  drv_softi2c_bq769x0.o
    0x08002b54   0x08002b54   0x00000074   Code   RO         3078    i.BQ769X0_CellBalanceControl  drv_softi2c_bq769x0.o
    0x08002bc8   0x08002bc8   0x000000ec   Code   RO         3079    i.BQ769X0_Configuration  drv_softi2c_bq769x0.o
    0x08002cb4   0x08002cb4   0x00000030   Code   RO         3080    i.BQ769X0_ControlDSGOrCHG  drv_softi2c_bq769x0.o
    0x08002ce4   0x08002ce4   0x00000024   Code   RO         3081    i.BQ769X0_ControlEnergyRecovery  drv_softi2c_bq769x0.o
    0x08002d08   0x08002d08   0x0000001c   Code   RO         3082    i.BQ769X0_EntryShip  drv_softi2c_bq769x0.o
    0x08002d24   0x08002d24   0x000000c4   Code   RO         3083    i.BQ769X0_GetADCGainOffset  drv_softi2c_bq769x0.o
    0x08002de8   0x08002de8   0x00000124   Code   RO         3084    i.BQ769X0_Initialize  drv_softi2c_bq769x0.o
    0x08002f0c   0x08002f0c   0x0000002c   Code   RO         3085    i.BQ769X0_LoadDetect  drv_softi2c_bq769x0.o
    0x08002f38   0x08002f38   0x000001c8   Code   RO         3089    i.BQ769X0_ReadBlockWithCRC  drv_softi2c_bq769x0.o
    0x08003100   0x08003100   0x000000fc   Code   RO         3091    i.BQ769X0_ReadRegisterByteWithCRC  drv_softi2c_bq769x0.o
    0x080031fc   0x080031fc   0x00000158   Code   RO         3092    i.BQ769X0_ReadRegisterWordWithCRC  drv_softi2c_bq769x0.o
    0x08003354   0x08003354   0x00000020   Code   RO         3094    i.BQ769X0_TS1_SetInMode  drv_softi2c_bq769x0.o
    0x08003374   0x08003374   0x00000024   Code   RO         3095    i.BQ769X0_TS1_SetOutMode  drv_softi2c_bq769x0.o
    0x08003398   0x08003398   0x000000c0   Code   RO         3098    i.BQ769X0_UpadteBatVolt  drv_softi2c_bq769x0.o
    0x08003458   0x08003458   0x000000c8   Code   RO         3099    i.BQ769X0_UpdateCellVolt  drv_softi2c_bq769x0.o
    0x08003520   0x08003520   0x000000cc   Code   RO         3100    i.BQ769X0_UpdateCurrent  drv_softi2c_bq769x0.o
    0x080035ec   0x080035ec   0x000000f0   Code   RO         3102    i.BQ769X0_UpdateTsTemp  drv_softi2c_bq769x0.o
    0x080036dc   0x080036dc   0x00000038   Code   RO         3103    i.BQ769X0_Wakeup    drv_softi2c_bq769x0.o
    0x08003714   0x08003714   0x00000124   Code   RO         3104    i.BQ769X0_WriteBlockWithCRC  drv_softi2c_bq769x0.o
    0x08003838   0x08003838   0x000000a8   Code   RO         3106    i.BQ769X0_WriteRegisterByteWithCRC  drv_softi2c_bq769x0.o
    0x080038e0   0x080038e0   0x00000018   Code   RO         2867    i.Bms_HalMonitorBatteryCurrent  bms_hal_monitor.o
    0x080038f8   0x080038f8   0x00000018   Code   RO         2868    i.Bms_HalMonitorBatteryVoltage  bms_hal_monitor.o
    0x08003910   0x08003910   0x00000068   Code   RO         2869    i.Bms_HalMonitorCellTemperature  bms_hal_monitor.o
    0x08003978   0x08003978   0x00000058   Code   RO         2870    i.Bms_HalMonitorCellVoltage  bms_hal_monitor.o
    0x080039d0   0x080039d0   0x00000008   Code   RO         2871    i.Bms_HalMonitorLoadDetect  bms_hal_monitor.o
    0x080039d8   0x080039d8   0x00000046   Code   RO         2656    i.BubbleFloat       bms_utils.o
    0x08003a1e   0x08003a1e   0x00000052   Code   RO         2657    i.BubbleSort        bms_utils.o
    0x08003a70   0x08003a70   0x00000004   Code   RO          296    i.BusFault_Handler  stm32f1xx_it.o
    0x08003a74   0x08003a74   0x00000010   Code   RO          297    i.CAN1_RX1_IRQHandler  stm32f1xx_it.o
    0x08003a84   0x08003a84   0x00000044   Code   RO         3108    i.CRC8              drv_softi2c_bq769x0.o
    0x08003ac8   0x08003ac8   0x00000028   Code   RO         2399    i.CalculateStoredEnergy  bms_analysis.o
    0x08003af0   0x08003af0   0x00000002   Code   RO          298    i.DebugMon_Handler  stm32f1xx_it.o
    0x08003af2   0x08003af2   0x0000000c   Code   RO          299    i.EXTI15_10_IRQHandler  stm32f1xx_it.o
    0x08003afe   0x08003afe   0x00000006   Code   RO           13    i.Error_Handler     main.o
    0x08003b04   0x08003b04   0x0000000e   Code   RO         2936    i.GET_SDA           drv_soft_i2c.o
    0x08003b12   0x08003b12   0x00000002   Code   RO          438    i.HAL_CAN_ErrorCallback  stm32f1xx_hal_can.o
    0x08003b14   0x08003b14   0x0000017a   Code   RO          441    i.HAL_CAN_GetRxMessage  stm32f1xx_hal_can.o
    0x08003c8e   0x08003c8e   0x0000024e   Code   RO          445    i.HAL_CAN_IRQHandler  stm32f1xx_hal_can.o
    0x08003edc   0x08003edc   0x00000174   Code   RO          446    i.HAL_CAN_Init      stm32f1xx_hal_can.o
    0x08004050   0x08004050   0x000000a8   Code   RO          207    i.HAL_CAN_MspInit   can.o
    0x080040f8   0x080040f8   0x00000002   Code   RO          453    i.HAL_CAN_RxFifo0FullCallback  stm32f1xx_hal_can.o
    0x080040fa   0x080040fa   0x00000002   PAD
    0x080040fc   0x080040fc   0x0000005c   Code   RO         3355    i.HAL_CAN_RxFifo0MsgPendingCallback  drv_can.o
    0x08004158   0x08004158   0x00000002   Code   RO          455    i.HAL_CAN_RxFifo1FullCallback  stm32f1xx_hal_can.o
    0x0800415a   0x0800415a   0x00000002   Code   RO          456    i.HAL_CAN_RxFifo1MsgPendingCallback  stm32f1xx_hal_can.o
    0x0800415c   0x0800415c   0x00000002   Code   RO          457    i.HAL_CAN_SleepCallback  stm32f1xx_hal_can.o
    0x0800415e   0x0800415e   0x00000002   Code   RO          460    i.HAL_CAN_TxMailbox0AbortCallback  stm32f1xx_hal_can.o
    0x08004160   0x08004160   0x00000002   Code   RO          461    i.HAL_CAN_TxMailbox0CompleteCallback  stm32f1xx_hal_can.o
    0x08004162   0x08004162   0x00000002   Code   RO          462    i.HAL_CAN_TxMailbox1AbortCallback  stm32f1xx_hal_can.o
    0x08004164   0x08004164   0x00000002   Code   RO          463    i.HAL_CAN_TxMailbox1CompleteCallback  stm32f1xx_hal_can.o
    0x08004166   0x08004166   0x00000002   Code   RO          464    i.HAL_CAN_TxMailbox2AbortCallback  stm32f1xx_hal_can.o
    0x08004168   0x08004168   0x00000002   Code   RO          465    i.HAL_CAN_TxMailbox2CompleteCallback  stm32f1xx_hal_can.o
    0x0800416a   0x0800416a   0x00000002   Code   RO          467    i.HAL_CAN_WakeUpFromRxMsgCallback  stm32f1xx_hal_can.o
    0x0800416c   0x0800416c   0x00000056   Code   RO         1050    i.HAL_DMA_Abort     stm32f1xx_hal_dma.o
    0x080041c2   0x080041c2   0x00000002   PAD
    0x080041c4   0x080041c4   0x000000b0   Code   RO         1051    i.HAL_DMA_Abort_IT  stm32f1xx_hal_dma.o
    0x08004274   0x08004274   0x00000010   Code   RO         3109    i.HAL_GPIO_EXTI_Callback  drv_softi2c_bq769x0.o
    0x08004284   0x08004284   0x0000001c   Code   RO          985    i.HAL_GPIO_EXTI_IRQHandler  stm32f1xx_hal_gpio.o
    0x080042a0   0x080042a0   0x00000320   Code   RO          986    i.HAL_GPIO_Init     stm32f1xx_hal_gpio.o
    0x080045c0   0x080045c0   0x00000010   Code   RO          988    i.HAL_GPIO_ReadPin  stm32f1xx_hal_gpio.o
    0x080045d0   0x080045d0   0x00000014   Code   RO          989    i.HAL_GPIO_TogglePin  stm32f1xx_hal_gpio.o
    0x080045e4   0x080045e4   0x0000000c   Code   RO          990    i.HAL_GPIO_WritePin  stm32f1xx_hal_gpio.o
    0x080045f0   0x080045f0   0x0000000c   Code   RO          677    i.HAL_GetTick       stm32f1xx_hal.o
    0x080045fc   0x080045fc   0x00000018   Code   RO          683    i.HAL_IncTick       stm32f1xx_hal.o
    0x08004614   0x08004614   0x00000028   Code   RO          684    i.HAL_Init          stm32f1xx_hal.o
    0x0800463c   0x0800463c   0x0000004c   Code   RO          685    i.HAL_InitTick      stm32f1xx_hal.o
    0x08004688   0x08004688   0x0000005c   Code   RO          372    i.HAL_MspInit       stm32f1xx_hal_msp.o
    0x080046e4   0x080046e4   0x00000020   Code   RO         1146    i.HAL_NVIC_EnableIRQ  stm32f1xx_hal_cortex.o
    0x08004704   0x08004704   0x0000007c   Code   RO         1152    i.HAL_NVIC_SetPriority  stm32f1xx_hal_cortex.o
    0x08004780   0x08004780   0x00000028   Code   RO         1153    i.HAL_NVIC_SetPriorityGrouping  stm32f1xx_hal_cortex.o
    0x080047a8   0x080047a8   0x0000018c   Code   RO          841    i.HAL_RCC_ClockConfig  stm32f1xx_hal_rcc.o
    0x08004934   0x08004934   0x0000000c   Code   RO          846    i.HAL_RCC_GetHCLKFreq  stm32f1xx_hal_rcc.o
    0x08004940   0x08004940   0x00000020   Code   RO          848    i.HAL_RCC_GetPCLK1Freq  stm32f1xx_hal_rcc.o
    0x08004960   0x08004960   0x00000020   Code   RO          849    i.HAL_RCC_GetPCLK2Freq  stm32f1xx_hal_rcc.o
    0x08004980   0x08004980   0x00000094   Code   RO          850    i.HAL_RCC_GetSysClockFreq  stm32f1xx_hal_rcc.o
    0x08004a14   0x08004a14   0x00000464   Code   RO          853    i.HAL_RCC_OscConfig  stm32f1xx_hal_rcc.o
    0x08004e78   0x08004e78   0x00000034   Code   RO         1157    i.HAL_SYSTICK_Config  stm32f1xx_hal_cortex.o
    0x08004eac   0x08004eac   0x00000002   Code   RO         1719    i.HAL_UARTEx_RxEventCallback  stm32f1xx_hal_uart.o
    0x08004eae   0x08004eae   0x00000002   Code   RO         1733    i.HAL_UART_ErrorCallback  stm32f1xx_hal_uart.o
    0x08004eb0   0x08004eb0   0x0000024c   Code   RO         1736    i.HAL_UART_IRQHandler  stm32f1xx_hal_uart.o
    0x080050fc   0x080050fc   0x00000072   Code   RO         1737    i.HAL_UART_Init     stm32f1xx_hal_uart.o
    0x0800516e   0x0800516e   0x00000002   PAD
    0x08005170   0x08005170   0x00000100   Code   RO          249    i.HAL_UART_MspInit  usart.o
    0x08005270   0x08005270   0x00000042   Code   RO         1742    i.HAL_UART_Receive_IT  stm32f1xx_hal_uart.o
    0x080052b2   0x080052b2   0x00000002   PAD
    0x080052b4   0x080052b4   0x00000040   Code   RO         3297    i.HAL_UART_RxCpltCallback  drv_rs485.o
    0x080052f4   0x080052f4   0x000000d2   Code   RO         1745    i.HAL_UART_Transmit  stm32f1xx_hal_uart.o
    0x080053c6   0x080053c6   0x00000058   Code   RO         1747    i.HAL_UART_Transmit_IT  stm32f1xx_hal_uart.o
    0x0800541e   0x0800541e   0x00000002   PAD
    0x08005420   0x08005420   0x00000040   Code   RO         3298    i.HAL_UART_TxCpltCallback  drv_rs485.o
    0x08005460   0x08005460   0x00000010   Code   RO         2937    i.I2C1_Lock         drv_soft_i2c.o
    0x08005470   0x08005470   0x00000002   Code   RO         2938    i.I2C1_LockInit     drv_soft_i2c.o
    0x08005472   0x08005472   0x00000002   PAD
    0x08005474   0x08005474   0x00000010   Code   RO         2939    i.I2C1_Unlock       drv_soft_i2c.o
    0x08005484   0x08005484   0x000000ec   Code   RO         2940    i.I2C_BitSendAddress  drv_soft_i2c.o
    0x08005570   0x08005570   0x0000003e   Code   RO         2941    i.I2C_BusHardwareInitialize  drv_soft_i2c.o
    0x080055ae   0x080055ae   0x00000002   PAD
    0x080055b0   0x080055b0   0x00000010   Code   RO         2942    i.I2C_BusInitialize  drv_soft_i2c.o
    0x080055c0   0x080055c0   0x00000048   Code   RO         2943    i.I2C_ReadByte      drv_soft_i2c.o
    0x08005608   0x08005608   0x00000068   Code   RO         2944    i.I2C_RecvBytes     drv_soft_i2c.o
    0x08005670   0x08005670   0x0000002a   Code   RO         2945    i.I2C_Restart       drv_soft_i2c.o
    0x0800569a   0x0800569a   0x00000048   Code   RO         2946    i.I2C_SendAddress   drv_soft_i2c.o
    0x080056e2   0x080056e2   0x00000072   Code   RO         2947    i.I2C_SendBytes     drv_soft_i2c.o
    0x08005754   0x08005754   0x00000018   Code   RO         2948    i.I2C_Start         drv_soft_i2c.o
    0x0800576c   0x0800576c   0x0000002a   Code   RO         2949    i.I2C_Stop          drv_soft_i2c.o
    0x08005796   0x08005796   0x000000b6   Code   RO         2950    i.I2C_TransferMessages  drv_soft_i2c.o
    0x0800584c   0x0800584c   0x00000080   Code   RO         2951    i.I2C_WriteByte     drv_soft_i2c.o
    0x080058cc   0x080058cc   0x00000048   Code   RO          208    i.MX_CAN_Init       can.o
    0x08005914   0x08005914   0x00000130   Code   RO          182    i.MX_GPIO_Init      gpio.o
    0x08005a44   0x08005a44   0x00000038   Code   RO          250    i.MX_USART1_UART_Init  usart.o
    0x08005a7c   0x08005a7c   0x00000038   Code   RO          251    i.MX_USART2_UART_Init  usart.o
    0x08005ab4   0x08005ab4   0x00000004   Code   RO          300    i.MemManage_Handler  stm32f1xx_it.o
    0x08005ab8   0x08005ab8   0x00000004   Code   RO          301    i.NMI_Handler       stm32f1xx_it.o
    0x08005abc   0x08005abc   0x00000028   Code   RO          854    i.RCC_Delay         stm32f1xx_hal_rcc.o
    0x08005ae4   0x08005ae4   0x00000014   Code   RO         3301    i.RS485_TransmitState  drv_rs485.o
    0x08005af8   0x08005af8   0x00000010   Code   RO         2952    i.SCL_H             drv_soft_i2c.o
    0x08005b08   0x08005b08   0x00000010   Code   RO         2953    i.SCL_L             drv_soft_i2c.o
    0x08005b18   0x08005b18   0x00000010   Code   RO         2954    i.SDA_H             drv_soft_i2c.o
    0x08005b28   0x08005b28   0x00000010   Code   RO         2955    i.SDA_L             drv_soft_i2c.o
    0x08005b38   0x08005b38   0x0000001c   Code   RO         2956    i.SDA_SetInMode     drv_soft_i2c.o
    0x08005b54   0x08005b54   0x0000001e   Code   RO         2957    i.SDA_SetOutMode    drv_soft_i2c.o
    0x08005b72   0x08005b72   0x00000016   Code   RO         4355    i.SysTick_Handler   board_1.o
    0x08005b88   0x08005b88   0x00000066   Code   RO           14    i.SystemClock_Config  main.o
    0x08005bee   0x08005bee   0x00000002   PAD
    0x08005bf0   0x08005bf0   0x000000a4   Code   RO         2075    i.SystemCoreClockUpdate  system_stm32f1xx.o
    0x08005c94   0x08005c94   0x00000002   Code   RO         2076    i.SystemInit        system_stm32f1xx.o
    0x08005c96   0x08005c96   0x00000002   PAD
    0x08005c98   0x08005c98   0x00000144   Code   RO         3110    i.TempChange        drv_softi2c_bq769x0.o
    0x08005ddc   0x08005ddc   0x00000014   Code   RO         1750    i.UART_DMAAbortOnError  stm32f1xx_hal_uart.o
    0x08005df0   0x08005df0   0x00000036   Code   RO         1760    i.UART_EndRxTransfer  stm32f1xx_hal_uart.o
    0x08005e26   0x08005e26   0x00000020   Code   RO         1761    i.UART_EndTransmit_IT  stm32f1xx_hal_uart.o
    0x08005e46   0x08005e46   0x000000e4   Code   RO         1763    i.UART_Receive_IT   stm32f1xx_hal_uart.o
    0x08005f2a   0x08005f2a   0x00000002   PAD
    0x08005f2c   0x08005f2c   0x000000fc   Code   RO         1764    i.UART_SetConfig    stm32f1xx_hal_uart.o
    0x08006028   0x08006028   0x00000046   Code   RO         1766    i.UART_Start_Receive_IT  stm32f1xx_hal_uart.o
    0x0800606e   0x0800606e   0x00000060   Code   RO         1767    i.UART_Transmit_IT  stm32f1xx_hal_uart.o
    0x080060ce   0x080060ce   0x0000006c   Code   RO         1768    i.UART_WaitOnFlagUntilTimeout  stm32f1xx_hal_uart.o
    0x0800613a   0x0800613a   0x00000002   PAD
    0x0800613c   0x0800613c   0x00000010   Code   RO          302    i.USART2_IRQHandler  stm32f1xx_it.o
    0x0800614c   0x0800614c   0x00000010   Code   RO          303    i.USB_LP_CAN1_RX0_IRQHandler  stm32f1xx_it.o
    0x0800615c   0x0800615c   0x00000010   Code   RO         2400    i.UpdateStoredEnergy  bms_analysis.o
    0x0800616c   0x0800616c   0x00000004   Code   RO          304    i.UsageFault_Handler  stm32f1xx_it.o
    0x08006170   0x08006170   0x00000028   Code   RO         4950    i.__0sprintf        mc_w.l(printfa.o)
    0x08006198   0x08006198   0x00000010   Code   RO         1159    i.__NVIC_GetPriorityGrouping  stm32f1xx_hal_cortex.o
    0x080061a8   0x080061a8   0x00000028   Code   RO         1160    i.__NVIC_SetPriority  stm32f1xx_hal_cortex.o
    0x080061d0   0x080061d0   0x00000048   Code   RO         3685    i.__rt_ffs          kservice.o
    0x08006218   0x08006218   0x0000000e   Code   RO         5050    i.__scatterload_copy  mc_w.l(handlers.o)
    0x08006226   0x08006226   0x00000002   Code   RO         5051    i.__scatterload_null  mc_w.l(handlers.o)
    0x08006228   0x08006228   0x0000000e   Code   RO         5052    i.__scatterload_zeroinit  mc_w.l(handlers.o)
    0x08006236   0x08006236   0x00000002   PAD
    0x08006238   0x08006238   0x00000184   Code   RO         4955    i._fp_digits        mc_w.l(printfa.o)
    0x080063bc   0x080063bc   0x0000006c   Code   RO         4519    i._msh_exec_cmd     msh.o
    0x08006428   0x08006428   0x000006dc   Code   RO         4956    i._printf_core      mc_w.l(printfa.o)
    0x08006b04   0x08006b04   0x00000024   Code   RO         4957    i._printf_post_padding  mc_w.l(printfa.o)
    0x08006b28   0x08006b28   0x0000002e   Code   RO         4958    i._printf_pre_padding  mc_w.l(printfa.o)
    0x08006b56   0x08006b56   0x00000002   PAD
    0x08006b58   0x08006b58   0x0000007c   Code   RO         4081    i._rt_thread_init   thread.o
    0x08006bd4   0x08006bd4   0x00000028   Code   RO         4203    i._rt_timer_init    timer.o
    0x08006bfc   0x08006bfc   0x0000000a   Code   RO         4960    i._sputc            mc_w.l(printfa.o)
    0x08006c06   0x08006c06   0x0000001c   Code   RO         4082    i._thread_cleanup_execute  thread.o
    0x08006c22   0x08006c22   0x00000002   PAD
    0x08006c24   0x08006c24   0x000000f4   Code   RO         4290    i.bus_fault_track   cpuport.o
    0x08006d18   0x08006d18   0x0000000a   Code   RO         4520    i.cmd_free          msh.o
    0x08006d22   0x08006d22   0x0000000a   Code   RO         4521    i.cmd_ps            msh.o
    0x08006d2c   0x08006d2c   0x00000020   Code   RO         2872    i.compaer_cell      bms_hal_monitor.o
    0x08006d4c   0x08006d4c   0x0000001c   Code   RO         2958    i.delay_us          drv_soft_i2c.o
    0x08006d68   0x08006d68   0x00000070   Code   RO         4597    i.finsh_get_prompt  shell.o
    0x08006dd8   0x08006dd8   0x00000004   Code   RO         4599    i.finsh_getchar     shell.o
    0x08006ddc   0x08006ddc   0x00000018   Code   RO         4602    i.finsh_set_prompt_mode  shell.o
    0x08006df4   0x08006df4   0x0000000c   Code   RO         4603    i.finsh_system_function_init  shell.o
    0x08006e00   0x08006e00   0x00000098   Code   RO         4604    i.finsh_system_init  shell.o
    0x08006e98   0x08006e98   0x000002a0   Code   RO         4606    i.finsh_thread_entry  shell.o
    0x08007138   0x08007138   0x00000084   Code   RO         4291    i.hard_fault_track  cpuport.o
    0x080071bc   0x080071bc   0x00000020   Code   RO         4415    i.hello             cmd.o
    0x080071dc   0x080071dc   0x00000068   Code   RO         4416    i.list              cmd.o
    0x08007244   0x08007244   0x00000024   Code   RO         4417    i.list_find_init    cmd.o
    0x08007268   0x08007268   0x00000076   Code   RO         4418    i.list_get_next     cmd.o
    0x080072de   0x080072de   0x00000002   PAD
    0x080072e0   0x080072e0   0x0000006c   Code   RO         3857    i.list_mem          mem.o
    0x0800734c   0x0800734c   0x00000128   Code   RO         4419    i.list_mutex        cmd.o
    0x08007474   0x08007474   0x0000015c   Code   RO         4420    i.list_sem          cmd.o
    0x080075d0   0x080075d0   0x000001e0   Code   RO         4421    i.list_thread       cmd.o
    0x080077b0   0x080077b0   0x0000015c   Code   RO         4422    i.list_timer        cmd.o
    0x0800790c   0x0800790c   0x00000034   Code   RO           15    i.main              main.o
    0x08007940   0x08007940   0x0000000e   Code   RO         3446    i.main_thread_entry  components.o
    0x0800794e   0x0800794e   0x00000002   PAD
    0x08007950   0x08007950   0x000000e4   Code   RO         4292    i.mem_manage_fault_track  cpuport.o
    0x08007a34   0x08007a34   0x000000a8   Code   RO         4522    i.msh_auto_complete  msh.o
    0x08007adc   0x08007adc   0x00000064   Code   RO         4523    i.msh_exec          msh.o
    0x08007b40   0x08007b40   0x0000005c   Code   RO         4524    i.msh_get_cmd       msh.o
    0x08007b9c   0x08007b9c   0x0000007c   Code   RO         4525    i.msh_help          msh.o
    0x08007c18   0x08007c18   0x00000004   Code   RO         4526    i.msh_is_used       msh.o
    0x08007c1c   0x08007c1c   0x000000d8   Code   RO         4527    i.msh_split         msh.o
    0x08007cf4   0x08007cf4   0x00000068   Code   RO         3858    i.plug_holes        mem.o
    0x08007d5c   0x08007d5c   0x00000170   Code   RO         3687    i.print_number      kservice.o
    0x08007ecc   0x08007ecc   0x00000052   Code   RO         2666    i.right_bound       bms_utils.o
    0x08007f1e   0x08007f1e   0x00000002   PAD
    0x08007f20   0x08007f20   0x00000030   Code   RO         3447    i.rt_application_init  components.o
    0x08007f50   0x08007f50   0x0000001c   Code   RO         3859    i.rt_calloc         mem.o
    0x08007f6c   0x08007f6c   0x00000020   Code   RO         3448    i.rt_components_board_init  components.o
    0x08007f8c   0x08007f8c   0x00000020   Code   RO         3449    i.rt_components_init  components.o
    0x08007fac   0x08007fac   0x0000001c   Code   RO         4014    i.rt_enter_critical  scheduler.o
    0x08007fc8   0x08007fc8   0x00000038   Code   RO         4015    i.rt_exit_critical  scheduler.o
    0x08008000   0x08008000   0x000000c8   Code   RO         3860    i.rt_free           mem.o
    0x080080c8   0x080080c8   0x00000008   Code   RO         4356    i.rt_heap_begin_get  board_1.o
    0x080080d0   0x080080d0   0x00000008   Code   RO         4357    i.rt_heap_end_get   board_1.o
    0x080080d8   0x080080d8   0x00000036   Code   RO         4358    i.rt_hw_board_init  board_1.o
    0x0800810e   0x0800810e   0x00000002   PAD
    0x08008110   0x08008110   0x00000028   Code   RO         4359    i.rt_hw_console_getchar  board_1.o
    0x08008138   0x08008138   0x00000048   Code   RO         4360    i.rt_hw_console_output  board_1.o
    0x08008180   0x08008180   0x00000200   Code   RO         4296    i.rt_hw_hard_fault_exception  cpuport.o
    0x08008380   0x08008380   0x00000040   Code   RO         4297    i.rt_hw_stack_init  cpuport.o
    0x080083c0   0x080083c0   0x0000001c   Code   RO         3658    i.rt_interrupt_enter  irq.o
    0x080083dc   0x080083dc   0x0000001c   Code   RO         3660    i.rt_interrupt_leave  irq.o
    0x080083f8   0x080083f8   0x00000024   Code   RO         3691    i.rt_kprintf        kservice.o
    0x0800841c   0x0800841c   0x00000110   Code   RO         3861    i.rt_malloc         mem.o
    0x0800852c   0x0800852c   0x00000036   Code   RO         3696    i.rt_memmove        kservice.o
    0x08008562   0x08008562   0x00000056   Code   RO         3697    i.rt_memset         kservice.o
    0x080085b8   0x080085b8   0x0000005a   Code   RO         3936    i.rt_object_allocate  object.o
    0x08008612   0x08008612   0x0000002e   Code   RO         3937    i.rt_object_delete  object.o
    0x08008640   0x08008640   0x0000002c   Code   RO         3938    i.rt_object_detach  object.o
    0x0800866c   0x0800866c   0x00000024   Code   RO         3940    i.rt_object_get_information  object.o
    0x08008690   0x08008690   0x0000005a   Code   RO         3944    i.rt_object_init    object.o
    0x080086ea   0x080086ea   0x00000010   Code   RO         3945    i.rt_object_is_systemobject  object.o
    0x080086fa   0x080086fa   0x00000002   PAD
    0x080086fc   0x080086fc   0x00000064   Code   RO         4016    i.rt_schedule       scheduler.o
    0x08008760   0x08008760   0x00000050   Code   RO         4017    i.rt_schedule_insert_thread  scheduler.o
    0x080087b0   0x080087b0   0x00000054   Code   RO         4018    i.rt_schedule_remove_thread  scheduler.o
    0x08008804   0x08008804   0x00000020   Code   RO         3563    i.rt_sem_create     ipc.o
    0x08008824   0x08008824   0x00000022   Code   RO         3566    i.rt_sem_init       ipc.o
    0x08008846   0x08008846   0x00000058   Code   RO         3567    i.rt_sem_release    ipc.o
    0x0800889e   0x0800889e   0x000000d6   Code   RO         3568    i.rt_sem_take       ipc.o
    0x08008974   0x08008974   0x000000b0   Code   RO         3699    i.rt_show_version   kservice.o
    0x08008a24   0x08008a24   0x00000010   Code   RO         3705    i.rt_strlen         kservice.o
    0x08008a34   0x08008a34   0x0000002a   Code   RO         3707    i.rt_strncpy        kservice.o
    0x08008a5e   0x08008a5e   0x00000002   PAD
    0x08008a60   0x08008a60   0x000000b0   Code   RO         3864    i.rt_system_heap_init  mem.o
    0x08008b10   0x08008b10   0x0000003c   Code   RO         4019    i.rt_system_scheduler_init  scheduler.o
    0x08008b4c   0x08008b4c   0x00000028   Code   RO         4020    i.rt_system_scheduler_start  scheduler.o
    0x08008b74   0x08008b74   0x00000018   Code   RO         4204    i.rt_system_timer_init  timer.o
    0x08008b8c   0x08008b8c   0x00000002   Code   RO         4205    i.rt_system_timer_thread_init  timer.o
    0x08008b8e   0x08008b8e   0x0000005a   Code   RO         4084    i.rt_thread_create  thread.o
    0x08008be8   0x08008be8   0x00000060   Code   RO         4089    i.rt_thread_exit    thread.o
    0x08008c48   0x08008c48   0x00000006   Code   RO         3519    i.rt_thread_idle_entry  idle.o
    0x08008c4e   0x08008c4e   0x00000002   PAD
    0x08008c50   0x08008c50   0x00000054   Code   RO         3520    i.rt_thread_idle_excute  idle.o
    0x08008ca4   0x08008ca4   0x00000040   Code   RO         3522    i.rt_thread_idle_init  idle.o
    0x08008ce4   0x08008ce4   0x00000032   Code   RO         4091    i.rt_thread_init    thread.o
    0x08008d16   0x08008d16   0x0000000e   Code   RO         4092    i.rt_thread_mdelay  thread.o
    0x08008d24   0x08008d24   0x00000048   Code   RO         4093    i.rt_thread_resume  thread.o
    0x08008d6c   0x08008d6c   0x0000000c   Code   RO         4094    i.rt_thread_self    thread.o
    0x08008d78   0x08008d78   0x00000044   Code   RO         4095    i.rt_thread_sleep   thread.o
    0x08008dbc   0x08008dbc   0x0000002a   Code   RO         4096    i.rt_thread_startup  thread.o
    0x08008de6   0x08008de6   0x00000044   Code   RO         4097    i.rt_thread_suspend  thread.o
    0x08008e2a   0x08008e2a   0x00000028   Code   RO         4098    i.rt_thread_timeout  thread.o
    0x08008e52   0x08008e52   0x00000002   PAD
    0x08008e54   0x08008e54   0x0000006c   Code   RO         4099    i.rt_thread_yield   thread.o
    0x08008ec0   0x08008ec0   0x00000032   Code   RO         3408    i.rt_tick_from_millisecond  clock.o
    0x08008ef2   0x08008ef2   0x00000002   PAD
    0x08008ef4   0x08008ef4   0x0000000c   Code   RO         3409    i.rt_tick_get       clock.o
    0x08008f00   0x08008f00   0x0000002c   Code   RO         3410    i.rt_tick_increase  clock.o
    0x08008f2c   0x08008f2c   0x000000f4   Code   RO         4206    i.rt_timer_check    timer.o
    0x08009020   0x08009020   0x00000054   Code   RO         4207    i.rt_timer_control  timer.o
    0x08009074   0x08009074   0x00000032   Code   RO         4208    i.rt_timer_create   timer.o
    0x080090a6   0x080090a6   0x00000046   Code   RO         4210    i.rt_timer_detach   timer.o
    0x080090ec   0x080090ec   0x0000002a   Code   RO         4211    i.rt_timer_init     timer.o
    0x08009116   0x08009116   0x00000002   PAD
    0x08009118   0x08009118   0x000000d0   Code   RO         4214    i.rt_timer_start    timer.o
    0x080091e8   0x080091e8   0x00000052   Code   RO         4215    i.rt_timer_stop     timer.o
    0x0800923a   0x0800923a   0x00000002   PAD
    0x0800923c   0x0800923c   0x0000032c   Code   RO         3710    i.rt_vsnprintf      kservice.o
    0x08009568   0x08009568   0x00000004   Code   RO         3450    i.rti_board_end     components.o
    0x0800956c   0x0800956c   0x00000004   Code   RO         3451    i.rti_board_start   components.o
    0x08009570   0x08009570   0x00000004   Code   RO         3452    i.rti_end           components.o
    0x08009574   0x08009574   0x00000004   Code   RO         3453    i.rti_start         components.o
    0x08009578   0x08009578   0x0000002a   Code   RO         3454    i.rtthread_startup  components.o
    0x080095a2   0x080095a2   0x00000002   PAD
    0x080095a4   0x080095a4   0x00000038   Code   RO         4607    i.shell_auto_complete  shell.o
    0x080095dc   0x080095dc   0x00000030   Code   RO         4423    i.show_wait_queue   cmd.o
    0x0800960c   0x0800960c   0x0000001e   Code   RO         4528    i.str_common        msh.o
    0x0800962a   0x0800962a   0x0000001a   Code   RO         2667    i.swap              bms_utils.o
    0x08009644   0x08009644   0x00000034   Code   RO         4361    i.uart_init         board_1.o
    0x08009678   0x08009678   0x000000dc   Code   RO         4298    i.usage_fault_track  cpuport.o
    0x08009754   0x08009754   0x0000000a   Code   RO         4424    i.version           cmd.o
    0x0800975e   0x0800975e   0x00000018   Data   RO         2077    .constdata          system_stm32f1xx.o
    0x08009776   0x08009776   0x0000003e   Data   RO         3112    .constdata          drv_softi2c_bq769x0.o
    0x080097b4   0x080097b4   0x00000122   Data   RO         3713    .constdata          kservice.o
    0x080098d6   0x080098d6   0x00000002   PAD
    0x080098d8   0x080098d8   0x0000008a   Data   RO         2528    .conststring        bms_info.o
    0x08009962   0x08009962   0x00000002   PAD
    0x08009964   0x08009964   0x00000044   Data   RO         4425    .conststring        cmd.o
    0x080099a8   0x080099a8   0x000000ee   Data   RO         2600    .rodata.name        bms_msh_commond.o
    0x08009a96   0x08009a96   0x00000009   Data   RO         3867    .rodata.name        mem.o
    0x08009a9f   0x08009a9f   0x0000001e   Data   RO         3868    .rodata.name        mem.o
    0x08009abd   0x08009abd   0x00000006   Data   RO         4426    .rodata.name        cmd.o
    0x08009ac3   0x08009ac3   0x00000010   Data   RO         4427    .rodata.name        cmd.o
    0x08009ad3   0x08009ad3   0x00000008   Data   RO         4428    .rodata.name        cmd.o
    0x08009adb   0x08009adb   0x00000023   Data   RO         4429    .rodata.name        cmd.o
    0x08009afe   0x08009afe   0x0000000e   Data   RO         4430    .rodata.name        cmd.o
    0x08009b0c   0x08009b0c   0x00000023   Data   RO         4431    .rodata.name        cmd.o
    0x08009b2f   0x08009b2f   0x0000000c   Data   RO         4432    .rodata.name        cmd.o
    0x08009b3b   0x08009b3b   0x0000000c   Data   RO         4433    .rodata.name        cmd.o
    0x08009b47   0x08009b47   0x00000012   Data   RO         4434    .rodata.name        cmd.o
    0x08009b59   0x08009b59   0x0000000c   Data   RO         4435    .rodata.name        cmd.o
    0x08009b65   0x08009b65   0x00000009   Data   RO         4436    .rodata.name        cmd.o
    0x08009b6e   0x08009b6e   0x00000019   Data   RO         4437    .rodata.name        cmd.o
    0x08009b87   0x08009b87   0x0000000f   Data   RO         4438    .rodata.name        cmd.o
    0x08009b96   0x08009b96   0x00000019   Data   RO         4439    .rodata.name        cmd.o
    0x08009baf   0x08009baf   0x0000000b   Data   RO         4440    .rodata.name        cmd.o
    0x08009bba   0x08009bba   0x00000015   Data   RO         4441    .rodata.name        cmd.o
    0x08009bcf   0x08009bcf   0x00000011   Data   RO         4442    .rodata.name        cmd.o
    0x08009be0   0x08009be0   0x00000015   Data   RO         4443    .rodata.name        cmd.o
    0x08009bf5   0x08009bf5   0x0000000b   Data   RO         4444    .rodata.name        cmd.o
    0x08009c00   0x08009c00   0x00000015   Data   RO         4445    .rodata.name        cmd.o
    0x08009c15   0x08009c15   0x00000011   Data   RO         4446    .rodata.name        cmd.o
    0x08009c26   0x08009c26   0x00000015   Data   RO         4447    .rodata.name        cmd.o
    0x08009c3b   0x08009c3b   0x00000005   Data   RO         4448    .rodata.name        cmd.o
    0x08009c40   0x08009c40   0x0000001a   Data   RO         4449    .rodata.name        cmd.o
    0x08009c5a   0x08009c5a   0x0000000b   Data   RO         4529    .rodata.name        msh.o
    0x08009c65   0x08009c65   0x00000016   Data   RO         4530    .rodata.name        msh.o
    0x08009c7b   0x08009c7b   0x00000009   Data   RO         4531    .rodata.name        msh.o
    0x08009c84   0x08009c84   0x0000001c   Data   RO         4532    .rodata.name        msh.o
    0x08009ca0   0x08009ca0   0x0000000b   Data   RO         4533    .rodata.name        msh.o
    0x08009cab   0x08009cab   0x00000025   Data   RO         4534    .rodata.name        msh.o
    0x08009cd0   0x08009cd0   0x00000004   Data   RO         3455    .rti_fn.0           components.o
    0x08009cd4   0x08009cd4   0x00000004   Data   RO         3456    .rti_fn.0.end       components.o
    0x08009cd8   0x08009cd8   0x00000004   Data   RO         4363    .rti_fn.1           board_1.o
    0x08009cdc   0x08009cdc   0x00000004   Data   RO         3457    .rti_fn.1.end       components.o
    0x08009ce0   0x08009ce0   0x00000004   Data   RO         4610    .rti_fn.6           shell.o
    0x08009ce4   0x08009ce4   0x00000004   Data   RO         3458    .rti_fn.6.end       components.o
    0x08009ce8   0x08009ce8   0x00000054   Data   RO         2601    FSymTab             bms_msh_commond.o
    0x08009d3c   0x08009d3c   0x0000000c   Data   RO         3869    FSymTab             mem.o
    0x08009d48   0x08009d48   0x00000090   Data   RO         4450    FSymTab             cmd.o
    0x08009dd8   0x08009dd8   0x00000024   Data   RO         4535    FSymTab             msh.o
    0x08009dfc   0x08009dfc   0x00000020   Data   RO         5048    Region$$Table       anon$$obj.o


    Execution Region RW_IRAM1 (Exec base: 0x20000000, Load base: 0x08009e1c, Size: 0x000033f0, Max: 0x00005000, ABSOLUTE, COMPRESSED[0x0000017c])

    Exec Addr    Load Addr    Size         Type   Attr      Idx    E Section Name        Object

    0x20000000   COMPRESSED   0x00000009   Data   RW          691    .data               stm32f1xx_hal.o
    0x20000009   COMPRESSED   0x00000003   PAD
    0x2000000c   COMPRESSED   0x00000004   Data   RW         2078    .data               system_stm32f1xx.o
    0x20000010   COMPRESSED   0x00000014   Data   RW         2226    .data               bms_monitor.o
    0x20000024   COMPRESSED   0x00000054   Data   RW         2305    .data               bms_protect.o
    0x20000078   COMPRESSED   0x00000100   Data   RW         2401    .data               bms_analysis.o
    0x20000178   COMPRESSED   0x0000003a   Data   RW         2480    .data               bms_energy.o
    0x200001b2   COMPRESSED   0x00000006   Data   RW         2644    .data               bms_global.o
    0x200001b8   COMPRESSED   0x00000024   Data   RW         2959    .data               drv_soft_i2c.o
    0x200001dc   COMPRESSED   0x00000013   Data   RW         3113    .data               drv_softi2c_bq769x0.o
    0x200001ef   COMPRESSED   0x00000001   Data   RW         3302    .data               drv_rs485.o
    0x200001f0   COMPRESSED   0x00000004   Data   RW         3412    .data               clock.o
    0x200001f4   COMPRESSED   0x00000001   Data   RW         3661    .data               irq.o
    0x200001f5   COMPRESSED   0x00000003   PAD
    0x200001f8   COMPRESSED   0x00000018   Data   RW         3866    .data               mem.o
    0x20000210   COMPRESSED   0x00000040   Data   RW         3947    .data               object.o
    0x20000250   COMPRESSED   0x00000014   Data   RW         4022    .data               scheduler.o
    0x20000264   COMPRESSED   0x0000000c   Data   RW         4216    .data               timer.o
    0x20000270   COMPRESSED   0x00000004   Data   RW         4299    .data               cpuport.o
    0x20000274   COMPRESSED   0x00000004   Data   RW         4300    .data               cpuport.o
    0x20000278   COMPRESSED   0x00000004   Data   RW         4301    .data               cpuport.o
    0x2000027c   COMPRESSED   0x00000004   Data   RW         4302    .data               cpuport.o
    0x20000280   COMPRESSED   0x00000018   Data   RW         4609    .data               shell.o
    0x20000298        -       0x00000028   Zero   RW          209    .bss                can.o
    0x200002c0        -       0x00000088   Zero   RW          252    .bss                usart.o
    0x20000348        -       0x0000004c   Zero   RW         2225    .bss                bms_monitor.o
    0x20000394        -       0x00000078   Zero   RW         3111    .bss                drv_softi2c_bq769x0.o
    0x2000040c        -       0x00000178   Zero   RW         3523    .bss                idle.o
    0x20000584        -       0x00000080   Zero   RW         3712    .bss                kservice.o
    0x20000604        -       0x00000020   Zero   RW         3865    .bss                mem.o
    0x20000624        -       0x00000100   Zero   RW         4021    .bss                scheduler.o
    0x20000724        -       0x00002844   Zero   RW         4362    .bss                board_1.o
    0x20002f68        -       0x00000081   Zero   RW         4608    .bss                shell.o
    0x20002fe9   COMPRESSED   0x00000007   PAD
    0x20002ff0        -       0x00000400   Zero   RW            1    STACK               startup_stm32f103xb.o


==============================================================================

Image component sizes


      Code (inc. data)   RO Data    RW Data    ZI Data      Debug   Object Name

      1268        180          0        256          0       8401   bms_analysis.o
       136         28          0          0          0       9741   bms_app.o
       116         50          0          0          0        983   bms_comm.o
      1536        452          0         58          0       4885   bms_energy.o
         0          0          0          6          0        266   bms_global.o
       172         76          0          0          0       2309   bms_hal_control.o
       280         54          0          0          0       3485   bms_hal_monitor.o
      1544        514        138          0          0       2343   bms_info.o
       886        256          0         20         76       4831   bms_monitor.o
       196         92        322          0          0       5806   bms_msh_commond.o
      2072        800          0         84          0       9789   bms_protect.o
       260          0          0          0          0       3312   bms_utils.o
       256         28          4          0      10308       5368   board_1.o
       240         24          0          0         40       1719   can.o
       106         12          0          4          0       2052   clock.o
      1820        642        625          0          0      15679   cmd.o
       194         32         16          0          0       6664   components.o
       244         28          0          0          0        848   context_rvds.o
      1400        736          0         16          0       6166   cpuport.o
        92         40          0          0          0       1196   drv_can.o
       148         60          0          1          0       2759   drv_rs485.o
      1292         62          0         36          0      15602   drv_soft_i2c.o
      4088       1046         62         19        120      26346   drv_softi2c_bq769x0.o
       304         18          0          0          0       1035   gpio.o
       154         24          0          0        376       5518   idle.o
       368          0          0          0          0       7793   ipc.o
        56         12          0          1          0       1854   irq.o
      1662        172        290          0        128      10845   kservice.o
       160          4          0          0          0     412446   main.o
       888        250         51         24         32       5939   mem.o
       862        160        154          0          0       9676   msh.o
       322          6          0         64          0       8556   object.o
       448         58          0         20        256       9010   scheduler.o
      1032        140          4         24        129      12044   shell.o
        36          8        236          0       1024        812   startup_stm32f103xb.o
       152         32          0          9          0       5405   stm32f1xx_hal.o
      1364          0          0          0          0      10546   stm32f1xx_hal_can.o
       304         22          0          0          0      29555   stm32f1xx_hal_cortex.o
       262          4          0          0          0       1807   stm32f1xx_hal_dma.o
       876         38          0          0          0       4639   stm32f1xx_hal_gpio.o
        92         10          0          0          0        930   stm32f1xx_hal_msp.o
      1784        110          0          0          0       6148   stm32f1xx_hal_rcc.o
      1930         10          0          0          0      11745   stm32f1xx_hal_uart.o
        78         18          0          0          0       4219   stm32f1xx_it.o
       166         22         24          4          0       1811   system_stm32f1xx.o
       812         38          0          0          0      13172   thread.o
       846         24          0         12          0      12642   timer.o
       368         36          0          0        136       2387   usart.o

    ----------------------------------------------------------------------
     33722       6428       1962        664      12632     731084   Object Totals
         0          0         32          0          0          0   (incl. Generated)
        50          0          4          6          7          0   (incl. Padding)

    ----------------------------------------------------------------------

      Code (inc. data)   RO Data    RW Data    ZI Data      Debug   Library Member Name

        86          0          0          0          0          0   __dczerorl2.o
         0          0          0          0          0          0   entry.o
         0          0          0          0          0          0   entry10a.o
         0          0          0          0          0          0   entry11a.o
         8          4          0          0          0          0   entry2.o
         4          0          0          0          0          0   entry5.o
         0          0          0          0          0          0   entry7b.o
         0          0          0          0          0          0   entry8b.o
         8          4          0          0          0          0   entry9a.o
        30          0          0          0          0          0   handlers.o
        36          8          0          0          0         68   init.o
         0          0          0          0          0          0   iusefp.o
        30          0          0          0          0         68   llshl.o
        36          0          0          0          0         68   llsshr.o
        32          0          0          0          0         68   llushr.o
        36          0          0          0          0         68   memcpya.o
        36          0          0          0          0        108   memseta.o
      2276         86          0          0          0        520   printfa.o
        24          0          0          0          0         68   strcat.o
        14          0          0          0          0         68   strlen.o
        30          0          0          0          0         80   strncmp.o
        24          0          0          0          0         76   strncpy.o
        44          0          0          0          0         80   uidiv.o
        98          0          0          0          0         92   uldiv.o
        48          0          0          0          0         68   cdcmple.o
        48          0          0          0          0         68   cdrcmple.o
        20          0          0          0          0         68   cfcmple.o
        20          0          0          0          0         68   cfrcmple.o
        56          0          0          0          0         88   d2f.o
       334          0          0          0          0        148   dadd.o
       222          0          0          0          0        100   ddiv.o
       186          0          0          0          0        176   depilogue.o
        48          0          0          0          0         68   dfixul.o
        34          0          0          0          0         76   dflti.o
        26          0          0          0          0         76   dfltui.o
       228          0          0          0          0         96   dmul.o
        38          0          0          0          0         68   f2d.o
       176          0          0          0          0        140   fadd.o
       124          0          0          0          0         88   fdiv.o
       110          0          0          0          0        168   fepilogue.o
        50          0          0          0          0         68   ffixi.o
        40          0          0          0          0         68   ffixui.o
        18          0          0          0          0         68   fflti.o
        10          0          0          0          0         68   ffltui.o
       100          0          0          0          0         76   fmul.o

    ----------------------------------------------------------------------
      4792        102          0          0          0       3344   Library Totals
         4          0          0          0          0          0   (incl. Padding)

    ----------------------------------------------------------------------

      Code (inc. data)   RO Data    RW Data    ZI Data      Debug   Library Name

      2852        102          0          0          0       1432   mc_w.l
      1936          0          0          0          0       1912   mf_w.l

    ----------------------------------------------------------------------
      4792        102          0          0          0       3344   Library Totals

    ----------------------------------------------------------------------

==============================================================================


      Code (inc. data)   RO Data    RW Data    ZI Data      Debug   

     38514       6530       1962        664      12632     717032   Grand Totals
     38514       6530       1962        380      12632     717032   ELF Image Totals (compressed)
     38514       6530       1962        380          0          0   ROM Totals

==============================================================================

    Total RO  Size (Code + RO Data)                40476 (  39.53kB)
    Total RW  Size (RW Data + ZI Data)             13296 (  12.98kB)
    Total ROM Size (Code + RO Data + RW Data)      40856 (  39.90kB)

==============================================================================

